Archive member included to satisfy reference by file (symbol)

c:/nxp/mcuxpressoide_11.8.0_1165/ide/plugins/com.nxp.mcuxpresso.tools.win32_11.8.0.202306131047/tools/bin/../lib/gcc/arm-none-eabi/12.2.1/../../../../arm-none-eabi/lib/thumb/v6-m/nofp\libcr_nohost_nf.a(_cr__main.o)
                              ./startup/startup_mkl46z4.o (__main)
c:/nxp/mcuxpressoide_11.8.0_1165/ide/plugins/com.nxp.mcuxpresso.tools.win32_11.8.0.202306131047/tools/bin/../lib/gcc/arm-none-eabi/12.2.1/../../../../arm-none-eabi/lib/thumb/v6-m/nofp\libcr_c.a(memset.o)
                              ./source/App_at_sector_50.o (memset)
c:/nxp/mcuxpressoide_11.8.0_1165/ide/plugins/com.nxp.mcuxpresso.tools.win32_11.8.0.202306131047/tools/bin/../lib/gcc/arm-none-eabi/12.2.1/../../../../arm-none-eabi/lib/thumb/v6-m/nofp\libcr_c.a(initio.o)
                              c:/nxp/mcuxpressoide_11.8.0_1165/ide/plugins/com.nxp.mcuxpresso.tools.win32_11.8.0.202306131047/tools/bin/../lib/gcc/arm-none-eabi/12.2.1/../../../../arm-none-eabi/lib/thumb/v6-m/nofp\libcr_nohost_nf.a(_cr__main.o) (_initio)
c:/nxp/mcuxpressoide_11.8.0_1165/ide/plugins/com.nxp.mcuxpresso.tools.win32_11.8.0.202306131047/tools/bin/../lib/gcc/arm-none-eabi/12.2.1/../../../../arm-none-eabi/lib/thumb/v6-m/nofp\libcr_c.a(setvbuf.o)
                              c:/nxp/mcuxpressoide_11.8.0_1165/ide/plugins/com.nxp.mcuxpresso.tools.win32_11.8.0.202306131047/tools/bin/../lib/gcc/arm-none-eabi/12.2.1/../../../../arm-none-eabi/lib/thumb/v6-m/nofp\libcr_c.a(initio.o) (setvbuf)
c:/nxp/mcuxpressoide_11.8.0_1165/ide/plugins/com.nxp.mcuxpresso.tools.win32_11.8.0.202306131047/tools/bin/../lib/gcc/arm-none-eabi/12.2.1/../../../../arm-none-eabi/lib/thumb/v6-m/nofp\libcr_c.a(_fdopen.o)
                              c:/nxp/mcuxpressoide_11.8.0_1165/ide/plugins/com.nxp.mcuxpresso.tools.win32_11.8.0.202306131047/tools/bin/../lib/gcc/arm-none-eabi/12.2.1/../../../../arm-none-eabi/lib/thumb/v6-m/nofp\libcr_c.a(initio.o) (_fdopen)
c:/nxp/mcuxpressoide_11.8.0_1165/ide/plugins/com.nxp.mcuxpresso.tools.win32_11.8.0.202306131047/tools/bin/../lib/gcc/arm-none-eabi/12.2.1/../../../../arm-none-eabi/lib/thumb/v6-m/nofp\libcr_c.a(fclose.o)
                              c:/nxp/mcuxpressoide_11.8.0_1165/ide/plugins/com.nxp.mcuxpresso.tools.win32_11.8.0.202306131047/tools/bin/../lib/gcc/arm-none-eabi/12.2.1/../../../../arm-none-eabi/lib/thumb/v6-m/nofp\libcr_c.a(initio.o) (fclose)
c:/nxp/mcuxpressoide_11.8.0_1165/ide/plugins/com.nxp.mcuxpresso.tools.win32_11.8.0.202306131047/tools/bin/../lib/gcc/arm-none-eabi/12.2.1/../../../../arm-none-eabi/lib/thumb/v6-m/nofp\libcr_c.a(fflush.o)
                              c:/nxp/mcuxpressoide_11.8.0_1165/ide/plugins/com.nxp.mcuxpresso.tools.win32_11.8.0.202306131047/tools/bin/../lib/gcc/arm-none-eabi/12.2.1/../../../../arm-none-eabi/lib/thumb/v6-m/nofp\libcr_c.a(fclose.o) (fflush)
c:/nxp/mcuxpressoide_11.8.0_1165/ide/plugins/com.nxp.mcuxpresso.tools.win32_11.8.0.202306131047/tools/bin/../lib/gcc/arm-none-eabi/12.2.1/../../../../arm-none-eabi/lib/thumb/v6-m/nofp\libcr_c.a(fseek.o)
                              c:/nxp/mcuxpressoide_11.8.0_1165/ide/plugins/com.nxp.mcuxpresso.tools.win32_11.8.0.202306131047/tools/bin/../lib/gcc/arm-none-eabi/12.2.1/../../../../arm-none-eabi/lib/thumb/v6-m/nofp\libcr_c.a(_fdopen.o) (fseek)
c:/nxp/mcuxpressoide_11.8.0_1165/ide/plugins/com.nxp.mcuxpresso.tools.win32_11.8.0.202306131047/tools/bin/../lib/gcc/arm-none-eabi/12.2.1/../../../../arm-none-eabi/lib/thumb/v6-m/nofp\libcr_c.a(ftell.o)
                              c:/nxp/mcuxpressoide_11.8.0_1165/ide/plugins/com.nxp.mcuxpresso.tools.win32_11.8.0.202306131047/tools/bin/../lib/gcc/arm-none-eabi/12.2.1/../../../../arm-none-eabi/lib/thumb/v6-m/nofp\libcr_c.a(fseek.o) (ftell)
c:/nxp/mcuxpressoide_11.8.0_1165/ide/plugins/com.nxp.mcuxpresso.tools.win32_11.8.0.202306131047/tools/bin/../lib/gcc/arm-none-eabi/12.2.1/../../../../arm-none-eabi/lib/thumb/v6-m/nofp\libcr_c.a(remove.o)
                              c:/nxp/mcuxpressoide_11.8.0_1165/ide/plugins/com.nxp.mcuxpresso.tools.win32_11.8.0.202306131047/tools/bin/../lib/gcc/arm-none-eabi/12.2.1/../../../../arm-none-eabi/lib/thumb/v6-m/nofp\libcr_c.a(fclose.o) (remove)
c:/nxp/mcuxpressoide_11.8.0_1165/ide/plugins/com.nxp.mcuxpresso.tools.win32_11.8.0.202306131047/tools/bin/../lib/gcc/arm-none-eabi/12.2.1/../../../../arm-none-eabi/lib/thumb/v6-m/nofp\libcr_c.a(strlen.o)
                              c:/nxp/mcuxpressoide_11.8.0_1165/ide/plugins/com.nxp.mcuxpresso.tools.win32_11.8.0.202306131047/tools/bin/../lib/gcc/arm-none-eabi/12.2.1/../../../../arm-none-eabi/lib/thumb/v6-m/nofp\libcr_c.a(remove.o) (strlen)
c:/nxp/mcuxpressoide_11.8.0_1165/ide/plugins/com.nxp.mcuxpresso.tools.win32_11.8.0.202306131047/tools/bin/../lib/gcc/arm-none-eabi/12.2.1/../../../../arm-none-eabi/lib/thumb/v6-m/nofp\libcr_c.a(_do_fflush.o)
[...]
Memory Configuration

Name             Origin             Length             Attributes
PROGRAM_FLASH    0x0000c800         0x00033800         xr
SRAM             0x1fffe000         0x00008000         xrw
*default*        0x00000000         0xffffffff

Linker script and memory map

LOAD ./startup/startup_mkl46z4.o
LOAD ./source/App_at_sector_50.o
LOAD ./source/adc.o
LOAD ./source/gpio.o
LOAD ./source/mtb.o
LOAD ./source/port.o
LOAD ./source/printf.o
LOAD ./source/semihost_hardfault.o
LOAD ./source/uart.o
LOAD ./CMSIS/system_MKL46Z4.o
START GROUP
LOAD c:/nxp/mcuxpressoide_11.8.0_1165/ide/plugins/com.nxp.mcuxpresso.tools.win32_11.8.0.202306131047/tools/bin/../lib/gcc/arm-none-eabi/12.2.1/../../../../arm-none-eabi/lib/thumb/v6-m/nofp\libcr_nohost_nf.a
LOAD c:/nxp/mcuxpressoide_11.8.0_1165/ide/plugins/com.nxp.mcuxpresso.tools.win32_11.8.0.202306131047/tools/bin/../lib/gcc/arm-none-eabi/12.2.1/../../../../arm-none-eabi/lib/thumb/v6-m/nofp\libcr_c.a
LOAD c:/nxp/mcuxpressoide_11.8.0_1165/ide/plugins/com.nxp.mcuxpresso.tools.win32_11.8.0.202306131047/tools/bin/../lib/gcc/arm-none-eabi/12.2.1/thumb/v6-m/nofp\libcr_eabihelpers.a
LOAD c:/nxp/mcuxpressoide_11.8.0_1165/ide/plugins/com.nxp.mcuxpresso.tools.win32_11.8.0.202306131047/tools/bin/../lib/gcc/arm-none-eabi/12.2.1/thumb/v6-m/nofp\libgcc.a
END GROUP
                0x0000c800                __base_PROGRAM_FLASH = 0xc800
                0x0000c800                __base_Flash = 0xc800
                0x00040000                __top_PROGRAM_FLASH = 0x40000
                0x00040000                __top_Flash = 0x40000
                0x1fffe000                __base_SRAM = 0x1fffe000
                0x1fffe000                __base_RAM = 0x1fffe000
                0x20006000                __top_SRAM = 0x20006000
                0x20006000                __top_RAM = 0x20006000

.text           0x0000c800     0x447c
 FILL mask 0xff
                0x0000c800                __vectors_start__ = ABSOLUTE (.)
 *(SORT_BY_ALIGNMENT(.isr_vector))
 .isr_vector    0x0000c800       0xc0 ./startup/startup_mkl46z4.o
                0x0000c800                g_pfnVectors
                0x0000c800                __Vectors
                0x0000c8c0                . = ALIGN (0x4)
                0x0000c8c0                __section_table_start = .
                0x0000c8c0                __data_section_table = .
                0x0000c8c0        0x4 LONG 0x10c7c LOADADDR (.data)
                0x0000c8c4        0x4 LONG 0x1fffe080 ADDR (.data)
                0x0000c8c8        0x4 LONG 0x4 SIZEOF (.data)
                0x0000c8cc                __data_section_table_end = .
                0x0000c8cc                __bss_section_table = .
                0x0000c8cc        0x4 LONG 0x1fffe084 ADDR (.bss)
                0x0000c8d0        0x4 LONG 0x1cc SIZEOF (.bss)
                0x0000c8d4                __bss_section_table_end = .
                0x0000c8d4                __section_table_end = .
 *(SORT_BY_ALIGNMENT(.after_vectors*))
 .after_vectors.reset
                0x0000c8d4       0x4c ./startup/startup_mkl46z4.o
                0x0000c8d4                ResetISR
 .after_vectors.init_data
                0x0000c920       0x12 ./startup/startup_mkl46z4.o
                0x0000c920                data_init
 .after_vectors.init_bss
                0x0000c932       0x10 ./startup/startup_mkl46z4.o
                0x0000c932                bss_init
 .after_vectors
                0x0000c942      0x10c ./startup/startup_mkl46z4.o
                0x0000c942                NMI_Handler
                0x0000c946                SVC_Handler
                0x0000c948                PendSV_Handler
                0x0000c94a                SysTick_Handler
                0x0000c94c                I2C0_DriverIRQHandler
                0x0000c94c                PORTC_PORTD_DriverIRQHandler
                0x0000c94c                SPI1_DriverIRQHandler
                0x0000c94c                LPTMR0_DriverIRQHandler
                0x0000c94c                DMA0_DriverIRQHandler
                0x0000c94c                DMA2_DriverIRQHandler
                0x0000c94c                I2S0_DriverIRQHandler
                0x0000c94c                CMP0_DriverIRQHandler
                0x0000c94c                ADC0_DriverIRQHandler
                0x0000c94c                TPM2_DriverIRQHandler
                0x0000c94c                SPI0_DriverIRQHandler
                0x0000c94c                UART0_DriverIRQHandler
                0x0000c94c                I2C1_DriverIRQHandler
                0x0000c94c                TSI0_DriverIRQHandler
                0x0000c94c                RTC_Seconds_DriverIRQHandler
                0x0000c94c                PORTA_DriverIRQHandler
                0x0000c94c                LLWU_DriverIRQHandler
                0x0000c94c                MCG_DriverIRQHandler
                0x0000c94c                UART1_DriverIRQHandler
                0x0000c94c                DMA1_DriverIRQHandler
                0x0000c94c                FTFA_DriverIRQHandler
                0x0000c94c                IntDefaultHandler
                0x0000c94c                USB0_DriverIRQHandler
                0x0000c94c                DAC0_DriverIRQHandler
                0x0000c94c                LVD_LVW_DriverIRQHandler
                0x0000c94c                TPM0_DriverIRQHandler
                0x0000c94c                UART2_DriverIRQHandler
                0x0000c94c                PIT_DriverIRQHandler
                0x0000c94c                TPM1_DriverIRQHandler
                0x0000c94c                Reserved20_DriverIRQHandler
                0x0000c94c                DMA3_DriverIRQHandler
                0x0000c94c                LCD_DriverIRQHandler
                0x0000c94c                RTC_DriverIRQHandler
                0x0000c94e                DMA0_IRQHandler
                0x0000c956                DMA1_IRQHandler
                0x0000c95e                DMA2_IRQHandler
                0x0000c966                DMA3_IRQHandler
                0x0000c96e                Reserved20_IRQHandler
                0x0000c976                FTFA_IRQHandler
                0x0000c97e                LVD_LVW_IRQHandler
                0x0000c986                LLWU_IRQHandler
                0x0000c98e                I2C0_IRQHandler
                0x0000c996                I2C1_IRQHandler
                0x0000c99e                SPI0_IRQHandler
                0x0000c9a6                SPI1_IRQHandler
                0x0000c9b6                UART1_IRQHandler
                0x0000c9be                UART2_IRQHandler
                0x0000c9ce                CMP0_IRQHandler
                0x0000c9d6                TPM0_IRQHandler
                0x0000c9de                TPM1_IRQHandler
                0x0000c9e6                TPM2_IRQHandler
                0x0000c9ee                RTC_IRQHandler
                0x0000c9f6                RTC_Seconds_IRQHandler
                0x0000c9fe                PIT_IRQHandler
                0x0000ca06                I2S0_IRQHandler
                0x0000ca0e                USB0_IRQHandler
                0x0000ca16                DAC0_IRQHandler
                0x0000ca1e                TSI0_IRQHandler
                0x0000ca26                MCG_IRQHandler
                0x0000ca2e                LPTMR0_IRQHandler
                0x0000ca36                LCD_IRQHandler
                0x00000400                . = 0x400
 *fill*         0x0000ca4e      0x1b2 ff
                0x0000cc00                PROVIDE (__FLASH_CONFIG_START__ = .)
 *(SORT_BY_ALIGNMENT(.FlashConfig))
 .FlashConfig   0x0000cc00       0x10 ./startup/startup_mkl46z4.o
                0x0000cc00                Flash_Config
                0x0000cc10                PROVIDE (__FLASH_CONFIG_END__ = .)
                0x00000001                ASSERT (! ((__FLASH_CONFIG_START__ == __FLASH_CONFIG_END__)), Linker Flash Config Support Enabled, but no .FlashConfig section provided within application)
 *(SORT_BY_ALIGNMENT(.text*))
 .text.main     0x0000cc10      0x158 ./source/App_at_sector_50.o
                0x0000cc10                main
 .text.system_init
                0x0000cd68       0xac ./source/App_at_sector_50.o
                0x0000cd68                system_init
 .text.clock_init
                0x0000ce14       0xcc ./source/App_at_sector_50.o
                0x0000ce14                clock_init
 .text.systick_init
                0x0000cee0       0x38 ./source/App_at_sector_50.o
                0x0000cee0                systick_init
 .text.__NVIC_EnableIRQ
                0x0000cf18       0x34 ./source/adc.o
 .text.ADC_SetCallBack
                0x0000cf4c       0x1c ./source/adc.o
                0x0000cf4c                ADC_SetCallBack
 .text.readADC  0x0000cf68       0x48 ./source/adc.o
                0x0000cf68                readADC
 .text.ADC0_IRQHandler
                0x0000cfb0       0x1c ./source/adc.o
                0x0000cfb0                ADC0_IRQHandler
 .text.__NVIC_EnableIRQ
                0x0000cfcc       0x34 ./source/port.o
 .text.PORT_EnableClock
                0x0000d000       0xb8 ./source/port.o
 .text.PORT_SetAlternateMode
                0x0000d0b8       0x60 ./source/port.o
 .text.PORT_SetInterruptMode
                0x0000d118       0x60 ./source/port.o
 .text.PORT_InitPin
                0x0000d178       0xa4 ./source/port.o
                0x0000d178                PORT_InitPin
 .text.PORTA_IRQHandler
                0x0000d21c       0x5c ./source/port.o
                0x0000d21c                PORTA_IRQHandler
 .text.PORTC_PORTD_IRQHandler
                0x0000d278       0xa8 ./source/port.o
                0x0000d278                PORTC_PORTD_IRQHandler
 .text._ftoa    0x0000d320      0x47c ./source/printf.o
 .text._etoa    0x0000d79c      0x578 ./source/printf.o
 .text._vsnprintf
                0x0000dd14      0x8f8 ./source/printf.o
 .text.sprintf_
                0x0000e60c       0x3c ./source/printf.o
                0x0000e60c                sprintf_
 .text.HardFault_Handler
                0x0000e648       0x38 ./source/semihost_hardfault.o
                0x0000e648                HardFault_Handler
 .text.__NVIC_EnableIRQ
                0x0000e680       0x34 ./source/uart.o
 .text.UART0_IRQHandler
                0x0000e6b4      0x108 ./source/uart.o
                0x0000e6b4                UART0_IRQHandler
 .text.uart_init
                0x0000e7bc      0x118 ./source/uart.o
                0x0000e7bc                uart_init
 .text.uart_available
                0x0000e8d4       0x14 ./source/uart.o
                0x0000e8d4                uart_available
 .text.uart_sendByte
                0x0000e8e8       0x8c ./source/uart.o
                0x0000e8e8                uart_sendByte
 .text.uart_getByte
                0x0000e974       0x68 ./source/uart.o
                0x0000e974                uart_getByte
 .text.SystemInit
                0x0000e9dc       0x1c ./CMSIS/system_MKL46Z4.o
                0x0000e9dc                SystemInit
 .text.SystemCoreClockUpdate
                0x0000e9f8      0x24c ./CMSIS/system_MKL46Z4.o
                0x0000e9f8                SystemCoreClockUpdate
 .text._initio  0x0000ec44       0x7c c:/nxp/mcuxpressoide_11.8.0_1165/ide/plugins/com.nxp.mcuxpresso.tools.win32_11.8.0.202306131047/tools/bin/../lib/gcc/arm-none-eabi/12.2.1/../../../../arm-none-eabi/lib/thumb/v6-m/nofp\libcr_c.a(initio.o)
                0x0000ec44                _initio
 .text.setvbuf  0x0000ecc0       0x4c c:/nxp/mcuxpressoide_11.8.0_1165/ide/plugins/com.nxp.mcuxpresso.tools.win32_11.8.0.202306131047/tools/bin/../lib/gcc/arm-none-eabi/12.2.1/../../../../arm-none-eabi/lib/thumb/v6-m/nofp\libcr_c.a(setvbuf.o)
                0x0000ecc0                setvbuf
 .text._fdopen  0x0000ed0c       0x74 c:/nxp/mcuxpressoide_11.8.0_1165/ide/plugins/com.nxp.mcuxpresso.tools.win32_11.8.0.202306131047/tools/bin/../lib/gcc/arm-none-eabi/12.2.1/../../../../arm-none-eabi/lib/thumb/v6-m/nofp\libcr_c.a(_fdopen.o)
                0x0000ed0c                _fdopen
 .text.fclose   0x0000ed80       0x5c c:/nxp/mcuxpressoide_11.8.0_1165/ide/plugins/com.nxp.mcuxpresso.tools.win32_11.8.0.202306131047/tools/bin/../lib/gcc/arm-none-eabi/12.2.1/../../../../arm-none-eabi/lib/thumb/v6-m/nofp\libcr_c.a(fclose.o)
                0x0000ed80                fclose
 .text.fflush   0x0000eddc       0x40 c:/nxp/mcuxpressoide_11.8.0_1165/ide/plugins/com.nxp.mcuxpresso.tools.win32_11.8.0.202306131047/tools/bin/../lib/gcc/arm-none-eabi/12.2.1/../../../../arm-none-eabi/lib/thumb/v6-m/nofp\libcr_c.a(fflush.o)
                0x0000eddc                fflush
 .text.fseek    0x0000ee1c       0xec c:/nxp/mcuxpressoide_11.8.0_1165/ide/plugins/com.nxp.mcuxpresso.tools.win32_11.8.0.202306131047/tools/bin/../lib/gcc/arm-none-eabi/12.2.1/../../../../arm-none-eabi/lib/thumb/v6-m/nofp\libcr_c.a(fseek.o)
                0x0000ee1c                fseek
 .text.ftell    0x0000ef08       0x4c c:/nxp/mcuxpressoide_11.8.0_1165/ide/plugins/com.nxp.mcuxpresso.tools.win32_11.8.0.202306131047/tools/bin/../lib/gcc/arm-none-eabi/12.2.1/../../../../arm-none-eabi/lib/thumb/v6-m/nofp\libcr_c.a(ftell.o)
                0x0000ef08                ftell
 .text.strlen   0x0000ef54       0x5c c:/nxp/mcuxpressoide_11.8.0_1165/ide/plugins/com.nxp.mcuxpresso.tools.win32_11.8.0.202306131047/tools/bin/../lib/gcc/arm-none-eabi/12.2.1/../../../../arm-none-eabi/lib/thumb/v6-m/nofp\libcr_c.a(strlen.o)
                0x0000ef54                strlen
 .text._do_fflush
                0x0000efb0       0x48 c:/nxp/mcuxpressoide_11.8.0_1165/ide/plugins/com.nxp.mcuxpresso.tools.win32_11.8.0.202306131047/tools/bin/../lib/gcc/arm-none-eabi/12.2.1/../../../../arm-none-eabi/lib/thumb/v6-m/nofp\libcr_c.a(_do_fflush.o)
                0x0000efb0                _do_fflush
 .text._fflush  0x0000eff8       0x5c c:/nxp/mcuxpressoide_11.8.0_1165/ide/plugins/com.nxp.mcuxpresso.tools.win32_11.8.0.202306131047/tools/bin/../lib/gcc/arm-none-eabi/12.2.1/../../../../arm-none-eabi/lib/thumb/v6-m/nofp\libcr_c.a(_fflush.o)
                0x0000eff8                _fflush
 .text._Cwritebuf
                0x0000f054       0x68 c:/nxp/mcuxpressoide_11.8.0_1165/ide/plugins/com.nxp.mcuxpresso.tools.win32_11.8.0.202306131047/tools/bin/../lib/gcc/arm-none-eabi/12.2.1/../../../../arm-none-eabi/lib/thumb/v6-m/nofp\libcr_c.a(_writebuf.o)
                0x0000f054                _Cwritebuf
 .text._deferredlazyseek
                0x0000f0bc       0x40 c:/nxp/mcuxpressoide_11.8.0_1165/ide/plugins/com.nxp.mcuxpresso.tools.win32_11.8.0.202306131047/tools/bin/../lib/gcc/arm-none-eabi/12.2.1/../../../../arm-none-eabi/lib/thumb/v6-m/nofp\libcr_c.a(_deferredlazyseek.o)
                0x0000f0bc                _deferredlazyseek
 .text.__aeabi_dmul
                0x0000f0fc      0x194 c:/nxp/mcuxpressoide_11.8.0_1165/ide/plugins/com.nxp.mcuxpresso.tools.win32_11.8.0.202306131047/tools/bin/../lib/gcc/arm-none-eabi/12.2.1/thumb/v6-m/nofp\libcr_eabihelpers.a(double.o)
                0x0000f0fc                __aeabi_dmul
 .text.__aeabi_ddiv
                0x0000f290      0x164 c:/nxp/mcuxpressoide_11.8.0_1165/ide/plugins/com.nxp.mcuxpresso.tools.win32_11.8.0.202306131047/tools/bin/../lib/gcc/arm-none-eabi/12.2.1/thumb/v6-m/nofp\libcr_eabihelpers.a(double.o)
                0x0000f290                __aeabi_ddiv
 .text.__aeabi_dsub
                0x0000f3f4      0x1d4 c:/nxp/mcuxpressoide_11.8.0_1165/ide/plugins/com.nxp.mcuxpresso.tools.win32_11.8.0.202306131047/tools/bin/../lib/gcc/arm-none-eabi/12.2.1/thumb/v6-m/nofp\libcr_eabihelpers.a(double.o)
                0x0000f3f4                __aeabi_dsub
 .text.__aeabi_dadd
                0x0000f5c8      0x150 c:/nxp/mcuxpressoide_11.8.0_1165/ide/plugins/com.nxp.mcuxpresso.tools.win32_11.8.0.202306131047/tools/bin/../lib/gcc/arm-none-eabi/12.2.1/thumb/v6-m/nofp\libcr_eabihelpers.a(double.o)
                0x0000f5c8                __aeabi_dadd
 .text.__aeabi_d2iz
                0x0000f718       0x50 c:/nxp/mcuxpressoide_11.8.0_1165/ide/plugins/com.nxp.mcuxpresso.tools.win32_11.8.0.202306131047/tools/bin/../lib/gcc/arm-none-eabi/12.2.1/thumb/v6-m/nofp\libcr_eabihelpers.a(double.o)
                0x0000f718                __aeabi_d2iz
 .text.__aeabi_d2uiz
                0x0000f768       0x38 c:/nxp/mcuxpressoide_11.8.0_1165/ide/plugins/com.nxp.mcuxpresso.tools.win32_11.8.0.202306131047/tools/bin/../lib/gcc/arm-none-eabi/12.2.1/thumb/v6-m/nofp\libcr_eabihelpers.a(double.o)
                0x0000f768                __aeabi_d2uiz
 .text.__aeabi_dcmpeq
                0x0000f7a0       0x40 c:/nxp/mcuxpressoide_11.8.0_1165/ide/plugins/com.nxp.mcuxpresso.tools.win32_11.8.0.202306131047/tools/bin/../lib/gcc/arm-none-eabi/12.2.1/thumb/v6-m/nofp\libcr_eabihelpers.a(double.o)
                0x0000f7a0                __aeabi_dcmpeq
 .text.__aeabi_dcmplt
                0x0000f7e0       0x74 c:/nxp/mcuxpressoide_11.8.0_1165/ide/plugins/com.nxp.mcuxpresso.tools.win32_11.8.0.202306131047/tools/bin/../lib/gcc/arm-none-eabi/12.2.1/thumb/v6-m/nofp\libcr_eabihelpers.a(double.o)
                0x0000f7e0                __aeabi_dcmplt
 .text.__aeabi_dcmpgt
                0x0000f854       0x60 c:/nxp/mcuxpressoide_11.8.0_1165/ide/plugins/com.nxp.mcuxpresso.tools.win32_11.8.0.202306131047/tools/bin/../lib/gcc/arm-none-eabi/12.2.1/thumb/v6-m/nofp\libcr_eabihelpers.a(double.o)
                0x0000f854                __aeabi_dcmpgt
 .text.__aeabi_dcmpge
                0x0000f8b4       0x68 c:/nxp/mcuxpressoide_11.8.0_1165/ide/plugins/com.nxp.mcuxpresso.tools.win32_11.8.0.202306131047/tools/bin/../lib/gcc/arm-none-eabi/12.2.1/thumb/v6-m/nofp\libcr_eabihelpers.a(double.o)
                0x0000f8b4                __aeabi_dcmpge
 .text.__aeabi_fmul
                0x0000f91c       0xd0 c:/nxp/mcuxpressoide_11.8.0_1165/ide/plugins/com.nxp.mcuxpresso.tools.win32_11.8.0.202306131047/tools/bin/../lib/gcc/arm-none-eabi/12.2.1/thumb/v6-m/nofp\libcr_eabihelpers.a(float.o)
                0x0000f91c                __aeabi_fmul
 .text.__aeabi_fdiv
                0x0000f9ec       0xe4 c:/nxp/mcuxpressoide_11.8.0_1165/ide/plugins/com.nxp.mcuxpresso.tools.win32_11.8.0.202306131047/tools/bin/../lib/gcc/arm-none-eabi/12.2.1/thumb/v6-m/nofp\libcr_eabihelpers.a(float.o)
                0x0000f9ec                __aeabi_fdiv
 .text.__aeabi_fsub
                0x0000fad0      0x12c c:/nxp/mcuxpressoide_11.8.0_1165/ide/plugins/com.nxp.mcuxpresso.tools.win32_11.8.0.202306131047/tools/bin/../lib/gcc/arm-none-eabi/12.2.1/thumb/v6-m/nofp\libcr_eabihelpers.a(float.o)
                0x0000fad0                __aeabi_fsub
 .text.__aeabi_fadd
                0x0000fbfc       0xac c:/nxp/mcuxpressoide_11.8.0_1165/ide/plugins/com.nxp.mcuxpresso.tools.win32_11.8.0.202306131047/tools/bin/../lib/gcc/arm-none-eabi/12.2.1/thumb/v6-m/nofp\libcr_eabihelpers.a(float.o)
                0x0000fbfc                __aeabi_fadd
 .text.__aeabi_f2d
                0x0000fca8       0x40 c:/nxp/mcuxpressoide_11.8.0_1165/ide/plugins/com.nxp.mcuxpresso.tools.win32_11.8.0.202306131047/tools/bin/../lib/gcc/arm-none-eabi/12.2.1/thumb/v6-m/nofp\libcr_eabihelpers.a(float.o)
                0x0000fca8                __aeabi_f2d
 .text.ADC_SetCLK
                0x0000fce8       0x36 ./source/adc.o
 .text.ADC_SelVref
                0x0000fd1e       0x36 ./source/adc.o
 .text.ADC_SelTrig
                0x0000fd54       0x38 ./source/adc.o
 .text.ADC_SetConvType
                0x0000fd8c       0x38 ./source/adc.o
 .text.ADC_SelInputType
                0x0000fdc4       0x5a ./source/adc.o
 .text.ADC_SetResolution
                0x0000fe1e       0x38 ./source/adc.o
 .text.ADC_CheckCOCO
                0x0000fe56       0x2a ./source/adc.o
 .text.ADC_SetInterrupt
                0x0000fe80       0x5a ./source/adc.o
 .text.ADC_Init
                0x0000feda       0x90 ./source/adc.o
                0x0000feda                ADC_Init
 .text.ADC_StartConv
                0x0000ff6a       0x52 ./source/adc.o
                0x0000ff6a                ADC_StartConv
 .text.GPIO_SetPinMode
                0x0000ffbc       0x5c ./source/gpio.o
 .text.GPIO_InitPin
                0x00010018       0x42 ./source/gpio.o
                0x00010018                GPIO_InitPin
 .text.GPIO_WritePin
                0x0001005a       0x5c ./source/gpio.o
                0x0001005a                GPIO_WritePin
 .text.GPIO_TogglePin
                0x000100b6       0x2a ./source/gpio.o
                0x000100b6                GPIO_TogglePin
 .text.PORT_SetPullMode
                0x000100e0       0xa0 ./source/port.o
 .text.PORT_SetSlewRate
                0x00010180       0x5a ./source/port.o
 .text.getPinIntFlag
                0x000101da       0x30 ./source/port.o
 .text.clearPinIntFlag
                0x0001020a       0x30 ./source/port.o
 .text._out_buffer
                0x0001023a       0x30 ./source/printf.o
 .text._out_null
                0x0001026a       0x1c ./source/printf.o
 .text._strnlen_s
                0x00010286       0x36 ./source/printf.o
 .text._is_digit
                0x000102bc       0x32 ./source/printf.o
 .text._atoi    0x000102ee       0x46 ./source/printf.o
 .text._out_rev
                0x00010334       0x9a ./source/printf.o
 .text._ntoa_format
                0x000103ce      0x1ac ./source/printf.o
 .text._ntoa_long
                0x0001057a       0xd2 ./source/printf.o
 .text._ntoa_long_long
                0x0001064c       0xe6 ./source/printf.o
 .text.uart_sendUntil
                0x00010732       0x74 ./source/uart.o
                0x00010732                uart_sendUntil
 .text.SystemInitHook
                0x000107a6        0xa ./CMSIS/system_MKL46Z4.o
                0x000107a6                SystemInitHook
 .text.__main   0x000107b0        0xc c:/nxp/mcuxpressoide_11.8.0_1165/ide/plugins/com.nxp.mcuxpresso.tools.win32_11.8.0.202306131047/tools/bin/../lib/gcc/arm-none-eabi/12.2.1/../../../../arm-none-eabi/lib/thumb/v6-m/nofp\libcr_nohost_nf.a(_cr__main.o)
                0x000107b0                __main
 .text.memset   0x000107bc        0x8 c:/nxp/mcuxpressoide_11.8.0_1165/ide/plugins/com.nxp.mcuxpresso.tools.win32_11.8.0.202306131047/tools/bin/../lib/gcc/arm-none-eabi/12.2.1/../../../../arm-none-eabi/lib/thumb/v6-m/nofp\libcr_c.a(memset.o)
                0x000107bc                memset
 .text.remove   0x000107c4       0x12 c:/nxp/mcuxpressoide_11.8.0_1165/ide/plugins/com.nxp.mcuxpresso.tools.win32_11.8.0.202306131047/tools/bin/../lib/gcc/arm-none-eabi/12.2.1/../../../../arm-none-eabi/lib/thumb/v6-m/nofp\libcr_c.a(remove.o)
                0x000107c4                remove
 .text.free     0x000107d6       0x2c c:/nxp/mcuxpressoide_11.8.0_1165/ide/plugins/com.nxp.mcuxpresso.tools.win32_11.8.0.202306131047/tools/bin/../lib/gcc/arm-none-eabi/12.2.1/../../../../arm-none-eabi/lib/thumb/v6-m/nofp\libcr_c.a(alloc.o)
                0x000107d6                free
 .text.__aeabi_division_idivmod
                0x00010802       0x78 c:/nxp/mcuxpressoide_11.8.0_1165/ide/plugins/com.nxp.mcuxpresso.tools.win32_11.8.0.202306131047/tools/bin/../lib/gcc/arm-none-eabi/12.2.1/thumb/v6-m/nofp\libcr_eabihelpers.a(division_32.o)
                0x00010802                __aeabi_idivmod
                0x00010802                __aeabi_idiv
                0x00010808                __aeabi_uidivmod
                0x00010808                __aeabi_uidiv
 .text.__aeabi_division_uldivmod
                0x0001087a       0x5a c:/nxp/mcuxpressoide_11.8.0_1165/ide/plugins/com.nxp.mcuxpresso.tools.win32_11.8.0.202306131047/tools/bin/../lib/gcc/arm-none-eabi/12.2.1/thumb/v6-m/nofp\libcr_eabihelpers.a(division_64.o)
                0x0001087a                __aeabi_uldivmod
 .text.__aeabi_division_idiv0
                0x000108d4        0x2 c:/nxp/mcuxpressoide_11.8.0_1165/ide/plugins/com.nxp.mcuxpresso.tools.win32_11.8.0.202306131047/tools/bin/../lib/gcc/arm-none-eabi/12.2.1/thumb/v6-m/nofp\libcr_eabihelpers.a(division_idiv0.o)
                0x000108d4                __aeabi_idiv0
 .text.__bhs_ui2d
                0x000108d6       0x5e c:/nxp/mcuxpressoide_11.8.0_1165/ide/plugins/com.nxp.mcuxpresso.tools.win32_11.8.0.202306131047/tools/bin/../lib/gcc/arm-none-eabi/12.2.1/thumb/v6-m/nofp\libcr_eabihelpers.a(double.o)
                0x000108d6                __bhs_ui2d
 .text.__aeabi_i2d
                0x00010934       0x18 c:/nxp/mcuxpressoide_11.8.0_1165/ide/plugins/com.nxp.mcuxpresso.tools.win32_11.8.0.202306131047/tools/bin/../lib/gcc/arm-none-eabi/12.2.1/thumb/v6-m/nofp\libcr_eabihelpers.a(double.o)
                0x00010934                __aeabi_i2d
 .text.__aeabi_ui2d
                0x0001094c        0xc c:/nxp/mcuxpressoide_11.8.0_1165/ide/plugins/com.nxp.mcuxpresso.tools.win32_11.8.0.202306131047/tools/bin/../lib/gcc/arm-none-eabi/12.2.1/thumb/v6-m/nofp\libcr_eabihelpers.a(double.o)
                0x0001094c                __aeabi_ui2d
 .text.__bhs_ui2f
                0x00010958       0x60 c:/nxp/mcuxpressoide_11.8.0_1165/ide/plugins/com.nxp.mcuxpresso.tools.win32_11.8.0.202306131047/tools/bin/../lib/gcc/arm-none-eabi/12.2.1/thumb/v6-m/nofp\libcr_eabihelpers.a(float.o)
                0x00010958                __bhs_ui2f
 .text.__aeabi_i2f
                0x000109b8       0x18 c:/nxp/mcuxpressoide_11.8.0_1165/ide/plugins/com.nxp.mcuxpresso.tools.win32_11.8.0.202306131047/tools/bin/../lib/gcc/arm-none-eabi/12.2.1/thumb/v6-m/nofp\libcr_eabihelpers.a(float.o)
                0x000109b8                __aeabi_i2f
 .text.__aeabi_llong_lmul
                0x000109d0       0x2e c:/nxp/mcuxpressoide_11.8.0_1165/ide/plugins/com.nxp.mcuxpresso.tools.win32_11.8.0.202306131047/tools/bin/../lib/gcc/arm-none-eabi/12.2.1/thumb/v6-m/nofp\libcr_eabihelpers.a(llong.o)
                0x000109d0                __aeabi_lmul
 .text.__aeabi_memset_lowlevel
                0x000109fe       0x2a c:/nxp/mcuxpressoide_11.8.0_1165/ide/plugins/com.nxp.mcuxpresso.tools.win32_11.8.0.202306131047/tools/bin/../lib/gcc/arm-none-eabi/12.2.1/thumb/v6-m/nofp\libcr_eabihelpers.a(memcpy.o)
                0x000109fe                __aeabi_lowlevel_memset
 .text.__sys_close
                0x00010a28        0x6 c:/nxp/mcuxpressoide_11.8.0_1165/ide/plugins/com.nxp.mcuxpresso.tools.win32_11.8.0.202306131047/tools/bin/../lib/gcc/arm-none-eabi/12.2.1/../../../../arm-none-eabi/lib/thumb/v6-m/nofp\libcr_nohost_nf.a(__sys_close.o)
                0x00010a28                __sys_close
 .text.__sys_flen
                0x00010a2e        0x6 c:/nxp/mcuxpressoide_11.8.0_1165/ide/plugins/com.nxp.mcuxpresso.tools.win32_11.8.0.202306131047/tools/bin/../lib/gcc/arm-none-eabi/12.2.1/../../../../arm-none-eabi/lib/thumb/v6-m/nofp\libcr_nohost_nf.a(__sys_flen.o)
                0x00010a2e                __sys_flen
 .text.__sys_istty
                0x00010a34        0x6 c:/nxp/mcuxpressoide_11.8.0_1165/ide/plugins/com.nxp.mcuxpresso.tools.win32_11.8.0.202306131047/tools/bin/../lib/gcc/arm-none-eabi/12.2.1/../../../../arm-none-eabi/lib/thumb/v6-m/nofp\libcr_nohost_nf.a(__sys_istty.o)
                0x00010a34                __sys_istty
 .text.__sys_remove
                0x00010a3a        0x6 c:/nxp/mcuxpressoide_11.8.0_1165/ide/plugins/com.nxp.mcuxpresso.tools.win32_11.8.0.202306131047/tools/bin/../lib/gcc/arm-none-eabi/12.2.1/../../../../arm-none-eabi/lib/thumb/v6-m/nofp\libcr_nohost_nf.a(__sys_remove.o)
                0x00010a3a                __sys_remove
 .text.__sys_seek
                0x00010a40        0x6 c:/nxp/mcuxpressoide_11.8.0_1165/ide/plugins/com.nxp.mcuxpresso.tools.win32_11.8.0.202306131047/tools/bin/../lib/gcc/arm-none-eabi/12.2.1/../../../../arm-none-eabi/lib/thumb/v6-m/nofp\libcr_nohost_nf.a(__sys_seek.o)
                0x00010a40                __sys_seek
 .text.__sys_tmpnam
                0x00010a46        0x6 c:/nxp/mcuxpressoide_11.8.0_1165/ide/plugins/com.nxp.mcuxpresso.tools.win32_11.8.0.202306131047/tools/bin/../lib/gcc/arm-none-eabi/12.2.1/../../../../arm-none-eabi/lib/thumb/v6-m/nofp\libcr_nohost_nf.a(__sys_tmpnam.o)
                0x00010a46                __sys_tmpnam
 .text.__sys_write
                0x00010a4c        0x4 c:/nxp/mcuxpressoide_11.8.0_1165/ide/plugins/com.nxp.mcuxpresso.tools.win32_11.8.0.202306131047/tools/bin/../lib/gcc/arm-none-eabi/12.2.1/../../../../arm-none-eabi/lib/thumb/v6-m/nofp\libcr_nohost_nf.a(__sys_write.o)
                0x00010a4c                __sys_write
 *(SORT_BY_ALIGNMENT(.rodata) SORT_BY_ALIGNMENT(.rodata.*) SORT_BY_ALIGNMENT(.constdata) SORT_BY_ALIGNMENT(.constdata.*))
 .rodata.pow10.0
                0x00010a50       0x50 ./source/printf.o
 .rodata.main.str1.4
                0x00010aa0       0x1f ./source/App_at_sector_50.o
 *fill*         0x00010abf        0x1 ff
 .rodata._ftoa.str1.4
                0x00010ac0       0x18 ./source/printf.o
 .rodata._vsnprintf
                0x00010ad8      0x19c ./source/printf.o
 .rodata.__num_Ciob_streams
                0x00010c74        0x4 c:/nxp/mcuxpressoide_11.8.0_1165/ide/plugins/com.nxp.mcuxpresso.tools.win32_11.8.0.202306131047/tools/bin/../lib/gcc/arm-none-eabi/12.2.1/../../../../arm-none-eabi/lib/thumb/v6-m/nofp\libcr_nohost_nf.a(__ciob.o)
                0x00010c74                __num_Ciob_streams
 .rodata._initio.str1.1
                0x00010c78        0x4 c:/nxp/mcuxpressoide_11.8.0_1165/ide/plugins/com.nxp.mcuxpresso.tools.win32_11.8.0.202306131047/tools/bin/../lib/gcc/arm-none-eabi/12.2.1/../../../../arm-none-eabi/lib/thumb/v6-m/nofp\libcr_c.a(initio.o)
                0x00010c7c                . = ALIGN (0x4)

.glue_7         0x00010c7c        0x0
 .glue_7        0x00010c7c        0x0 linker stubs

.glue_7t        0x00010c7c        0x0
 .glue_7t       0x00010c7c        0x0 linker stubs

.vfp11_veneer   0x00010c7c        0x0
 .vfp11_veneer  0x00010c7c        0x0 linker stubs

.v4_bx          0x00010c7c        0x0
 .v4_bx         0x00010c7c        0x0 linker stubs

.iplt           0x00010c7c        0x0
 .iplt          0x00010c7c        0x0 ./startup/startup_mkl46z4.o

.rel.dyn        0x00010c7c        0x0
 .rel.iplt      0x00010c7c        0x0 ./startup/startup_mkl46z4.o

.ARM.extab
 *(SORT_BY_ALIGNMENT(.ARM.extab*) SORT_BY_ALIGNMENT(.gnu.linkonce.armextab.*))

.ARM.exidx      0x00010c7c        0x0
                0x00010c7c                __exidx_start = .
 *(SORT_BY_ALIGNMENT(.ARM.exidx*) SORT_BY_ALIGNMENT(.gnu.linkonce.armexidx.*))
                0x00010c7c                __exidx_end = .
                0x00010c7c                _etext = .

.m_usb_data
 *(SORT_BY_ALIGNMENT(m_usb_bdt))

.mtb_buffer_default
                0x1fffe000       0x80
 *(SORT_BY_ALIGNMENT(.mtb*))
 .mtb.$RAM1     0x1fffe000       0x80 ./source/mtb.o
                0x1fffe000                __mtb_buffer__

.uninit_RESERVED
                0x1fffe080        0x0
                0x1fffe080                _start_uninit_RESERVED = .
 *(SORT_BY_ALIGNMENT(.bss.$RESERVED*))
                0x1fffe080                . = ALIGN (0x4)
                0x1fffe080                _end_uninit_RESERVED = .

.data           0x1fffe080        0x4 load address 0x00010c7c
 FILL mask 0xff
                0x1fffe080                _data = .
                [!provide]                PROVIDE (__start_data_RAM = .)
                [!provide]                PROVIDE (__start_data_SRAM = .)
 *(SORT_BY_ALIGNMENT(vtable))
 *(SORT_BY_ALIGNMENT(.ramfunc*))
 *(SORT_BY_ALIGNMENT(CodeQuickAccess))
 *(SORT_BY_ALIGNMENT(DataQuickAccess))
 *(SORT_BY_ALIGNMENT(RamFunction))
 *(SORT_BY_ALIGNMENT(.data*))
 .data.SystemCoreClock
                0x1fffe080        0x4 ./CMSIS/system_MKL46Z4.o
                0x1fffe080                SystemCoreClock
                0x1fffe084                . = ALIGN (0x4)
                0x1fffe084                _edata = .
                [!provide]                PROVIDE (__end_data_RAM = .)
                [!provide]                PROVIDE (__end_data_SRAM = .)

.igot.plt       0x1fffe084        0x0 load address 0x00010c80
 .igot.plt      0x1fffe084        0x0 ./startup/startup_mkl46z4.o

.bss            0x1fffe084      0x1cc
                0x1fffe084                _bss = .
                [!provide]                PROVIDE (__start_bss_RAM = .)
                [!provide]                PROVIDE (__start_bss_SRAM = .)
 *(SORT_BY_ALIGNMENT(.bss*))
 .bss.Temp_History
                0x1fffe084       0x28 ./source/App_at_sector_50.o
                0x1fffe084                Temp_History
 .bss.s_gADCCallbackFunction
                0x1fffe0ac        0x4 ./source/adc.o
 .bss.s_gEXTI_PORTA_Callback
                0x1fffe0b0        0x4 ./source/port.o
 .bss.s_gEXTI_PORTC_Callback
                0x1fffe0b4        0x4 ./source/port.o
 .bss.s_gEXTI_PORTD_Callback
                0x1fffe0b8        0x4 ./source/port.o
 .bss.recv_queue
                0x1fffe0bc       0x6a ./source/uart.o
 *fill*         0x1fffe126        0x2 
 .bss.tran_queue
                0x1fffe128       0x6a ./source/uart.o
 *fill*         0x1fffe192        0x2 
 .bss.errno     0x1fffe194        0x4 c:/nxp/mcuxpressoide_11.8.0_1165/ide/plugins/com.nxp.mcuxpresso.tools.win32_11.8.0.202306131047/tools/bin/../lib/gcc/arm-none-eabi/12.2.1/../../../../arm-none-eabi/lib/thumb/v6-m/nofp\libcr_c.a(errno.o)
                0x1fffe194                errno
 .bss.__Ciob    0x1fffe198       0xb4 c:/nxp/mcuxpressoide_11.8.0_1165/ide/plugins/com.nxp.mcuxpresso.tools.win32_11.8.0.202306131047/tools/bin/../lib/gcc/arm-none-eabi/12.2.1/../../../../arm-none-eabi/lib/thumb/v6-m/nofp\libcr_nohost_nf.a(__ciob.o)
                0x1fffe198                __Ciob
 .bss.recv_over_flow_flag
                0x1fffe24c        0x1 ./source/uart.o
                0x1fffe24c                recv_over_flow_flag
 *(SORT_BY_ALIGNMENT(COMMON))
                0x1fffe250                . = ALIGN (0x4)
 *fill*         0x1fffe24d        0x3 
                0x1fffe250                _ebss = .
                [!provide]                PROVIDE (__end_bss_RAM = .)
                [!provide]                PROVIDE (__end_bss_SRAM = .)
                [!provide]                PROVIDE (end = .)

.noinit         0x1fffe250        0x0
                0x1fffe250                _noinit = .
                [!provide]                PROVIDE (__start_noinit_RAM = .)
                [!provide]                PROVIDE (__start_noinit_SRAM = .)
 *(SORT_BY_ALIGNMENT(.noinit*))
                0x1fffe250                . = ALIGN (0x4)
                0x1fffe250                _end_noinit = .
                [!provide]                PROVIDE (__end_noinit_RAM = .)
                [!provide]                PROVIDE (__end_noinit_SRAM = .)
                0x00000800                _HeapSize = 0x800

.heap           0x1fffe250      0x800
                0x1fffe250                _pvHeapStart = .
                0x1fffea50                . = (. + _HeapSize)
 *fill*         0x1fffe250      0x800 
                0x1fffea50                . = ALIGN (0x4)
                0x1fffea50                _pvHeapLimit = .
                0x00000800                _StackSize = 0x800

.heap2stackfill
                0x1fffea50      0x800
                0x1ffff250                . = (. + _StackSize)
 *fill*         0x1fffea50      0x800 

.stack          0x20005800        0x0
                0x20005800                _vStackBase = .
                0x20005800                . = ALIGN (0x4)
                0x20006000                _vStackTop = (. + _StackSize)
                0x0000c800                _image_start = LOADADDR (.text)
                0x00010c80                _image_end = (LOADADDR (.data) + SIZEOF (.data))
                0x00004480                _image_size = (_image_end - _image_start)
OUTPUT(App_50.axf elf32-littlearm)
LOAD linker stubs

.debug_info     0x00000000     0x478b
 .debug_info    0x00000000      0x63a ./startup/startup_mkl46z4.o
 .debug_info    0x0000063a      0xfa1 ./source/App_at_sector_50.o
 .debug_info    0x000015db      0x927 ./source/adc.o
 .debug_info    0x00001f02      0x39f ./source/gpio.o
 .debug_info    0x000022a1       0x54 ./source/mtb.o
 .debug_info    0x000022f5      0xacd ./source/port.o
 .debug_info    0x00002dc2      0xd27 ./source/printf.o
 .debug_info    0x00003ae9       0x3d ./source/semihost_hardfault.o
 .debug_info    0x00003b26      0x898 ./source/uart.o
 .debug_info    0x000043be      0x3cd ./CMSIS/system_MKL46Z4.o

.debug_abbrev   0x00000000     0x102a
 .debug_abbrev  0x00000000      0x17f ./startup/startup_mkl46z4.o
 .debug_abbrev  0x0000017f      0x239 ./source/App_at_sector_50.o
 .debug_abbrev  0x000003b8      0x255 ./source/adc.o
 .debug_abbrev  0x0000060d      0x144 ./source/gpio.o
 .debug_abbrev  0x00000751       0x45 ./source/mtb.o
 .debug_abbrev  0x00000796      0x26f ./source/port.o
 .debug_abbrev  0x00000a05      0x24d ./source/printf.o
 .debug_abbrev  0x00000c52       0x2f ./source/semihost_hardfault.o
 .debug_abbrev  0x00000c81      0x25c ./source/uart.o
 .debug_abbrev  0x00000edd      0x14d ./CMSIS/system_MKL46Z4.o

.debug_loclists
                0x00000000      0x104
 .debug_loclists
                0x00000000      0x104 ./startup/startup_mkl46z4.o

.debug_aranges  0x00000000      0x488
 .debug_aranges
                0x00000000      0x160 ./startup/startup_mkl46z4.o
 .debug_aranges
                0x00000160       0x38 ./source/App_at_sector_50.o
 .debug_aranges
                0x00000198       0x88 ./source/adc.o
 .debug_aranges
                0x00000220       0x48 ./source/gpio.o
 .debug_aranges
                0x00000268       0x18 ./source/mtb.o
 .debug_aranges
                0x00000280       0x98 ./source/port.o
 .debug_aranges
                0x00000318       0xb8 ./source/printf.o
 .debug_aranges
                0x000003d0       0x20 ./source/semihost_hardfault.o
 .debug_aranges
                0x000003f0       0x68 ./source/uart.o
 .debug_aranges
                0x00000458       0x30 ./CMSIS/system_MKL46Z4.o

.debug_rnglists
                0x00000000      0x33d
 .debug_rnglists
                0x00000000      0x103 ./startup/startup_mkl46z4.o
 .debug_rnglists
                0x00000103       0x28 ./source/App_at_sector_50.o
 .debug_rnglists
                0x0000012b       0x62 ./source/adc.o
 .debug_rnglists
                0x0000018d       0x31 ./source/gpio.o
 .debug_rnglists
                0x000001be       0x72 ./source/port.o
 .debug_rnglists
                0x00000230       0x8c ./source/printf.o
 .debug_rnglists
                0x000002bc       0x13 ./source/semihost_hardfault.o
 .debug_rnglists
                0x000002cf       0x4e ./source/uart.o
 .debug_rnglists
                0x0000031d       0x20 ./CMSIS/system_MKL46Z4.o

.debug_macro    0x00000000     0xb8d5
 .debug_macro   0x00000000       0x29 ./startup/startup_mkl46z4.o
 .debug_macro   0x00000029      0xac0 ./startup/startup_mkl46z4.o
 .debug_macro   0x00000ae9      0x113 ./source/App_at_sector_50.o
 .debug_macro   0x00000bfc       0x3f ./source/App_at_sector_50.o
 .debug_macro   0x00000c3b       0x10 ./source/App_at_sector_50.o
 .debug_macro   0x00000c4b      0x12e ./source/App_at_sector_50.o
 .debug_macro   0x00000d79      0x5b3 ./source/App_at_sector_50.o
 .debug_macro   0x0000132c       0x1c ./source/App_at_sector_50.o
 .debug_macro   0x00001348       0x22 ./source/App_at_sector_50.o
 .debug_macro   0x0000136a       0xaf ./source/App_at_sector_50.o
 .debug_macro   0x00001419      0x37c ./source/App_at_sector_50.o
 .debug_macro   0x00001795       0x38 ./source/App_at_sector_50.o
 .debug_macro   0x000017cd     0x87f8 ./source/App_at_sector_50.o
 .debug_macro   0x00009fc5       0x40 ./source/App_at_sector_50.o
 .debug_macro   0x0000a005       0x1c ./source/App_at_sector_50.o
 .debug_macro   0x0000a021       0x16 ./source/App_at_sector_50.o
 .debug_macro   0x0000a037       0x22 ./source/App_at_sector_50.o
 .debug_macro   0x0000a059       0x9d ./source/adc.o
 .debug_macro   0x0000a0f6       0x93 ./source/gpio.o
 .debug_macro   0x0000a189       0x2f ./source/mtb.o
 .debug_macro   0x0000a1b8       0x82 ./source/mtb.o
 .debug_macro   0x0000a23a       0x10 ./source/mtb.o
 .debug_macro   0x0000a24a       0x99 ./source/port.o
 .debug_macro   0x0000a2e3       0xf1 ./source/printf.o
 .debug_macro   0x0000a3d4       0x22 ./source/printf.o
 .debug_macro   0x0000a3f6      0x16f ./source/printf.o
 .debug_macro   0x0000a565       0x11 ./source/semihost_hardfault.o
 .debug_macro   0x0000a576       0x9e ./source/uart.o
 .debug_macro   0x0000a614       0x97 ./CMSIS/system_MKL46Z4.o
 .debug_macro   0x0000a6ab       0x10 ./CMSIS/system_MKL46Z4.o
 .debug_macro   0x0000a6bb     0x121a ./CMSIS/system_MKL46Z4.o

.debug_line     0x00000000     0x2a76
 .debug_line    0x00000000      0x310 ./startup/startup_mkl46z4.o
 .debug_line    0x00000310      0x3b7 ./source/App_at_sector_50.o
 .debug_line    0x000006c7      0x460 ./source/adc.o
 .debug_line    0x00000b27      0x377 ./source/gpio.o
 .debug_line    0x00000e9e       0xd1 ./source/mtb.o
 .debug_line    0x00000f6f      0x55b ./source/port.o
 .debug_line    0x000014ca      0xd51 ./source/printf.o
 .debug_line    0x0000221b       0x59 ./source/semihost_hardfault.o
 .debug_line    0x00002274      0x4b3 ./source/uart.o
 .debug_line    0x00002727      0x34f ./CMSIS/system_MKL46Z4.o

.debug_str      0x00000000    0x4bad1
 .debug_str     0x00000000     0x31b4 ./startup/startup_mkl46z4.o
                               0x31d9 (size before relaxing)
 .debug_str     0x000031b4    0x40ec0 ./source/App_at_sector_50.o
                              0x43e73 (size before relaxing)
 .debug_str     0x00044074      0x2c3 ./source/adc.o
                              0x43343 (size before relaxing)
 .debug_str     0x00044337       0x57 ./source/gpio.o
                              0x42fb5 (size before relaxing)
 .debug_str     0x0004438e      0x532 ./source/mtb.o
                               0x32e3 (size before relaxing)
 .debug_str     0x000448c0      0x151 ./source/port.o
                              0x4357d (size before relaxing)
 .debug_str     0x00044a11      0x60e ./source/printf.o
                               0x4cbf (size before relaxing)
 .debug_str     0x0004501f       0x1f ./source/semihost_hardfault.o
                               0x2dd0 (size before relaxing)
 .debug_str     0x0004503e       0x8c ./source/uart.o
                              0x43346 (size before relaxing)
 .debug_str     0x000450ca     0x6a07 ./CMSIS/system_MKL46Z4.o
                              0x49818 (size before relaxing)

.comment        0x00000000       0x45
 .comment       0x00000000       0x45 ./startup/startup_mkl46z4.o
                                 0x46 (size before relaxing)
 .comment       0x00000045       0x46 ./source/App_at_sector_50.o
 .comment       0x00000045       0x46 ./source/adc.o
 .comment       0x00000045       0x46 ./source/gpio.o
 .comment       0x00000045       0x46 ./source/mtb.o
 .comment       0x00000045       0x46 ./source/port.o
 .comment       0x00000045       0x46 ./source/printf.o
 .comment       0x00000045       0x46 ./source/semihost_hardfault.o
 .comment       0x00000045       0x46 ./source/uart.o
 .comment       0x00000045       0x46 ./CMSIS/system_MKL46Z4.o
 .comment       0x00000045       0x46 c:/nxp/mcuxpressoide_11.8.0_1165/ide/plugins/com.nxp.mcuxpresso.tools.win32_11.8.0.202306131047/tools/bin/../lib/gcc/arm-none-eabi/12.2.1/../../../../arm-none-eabi/lib/thumb/v6-m/nofp\libcr_nohost_nf.a(_cr__main.o)
 .comment       0x00000045       0x46 c:/nxp/mcuxpressoide_11.8.0_1165/ide/plugins/com.nxp.mcuxpresso.tools.win32_11.8.0.202306131047/tools/bin/../lib/gcc/arm-none-eabi/12.2.1/../../../../arm-none-eabi/lib/thumb/v6-m/nofp\libcr_c.a(memset.o)
 .comment       0x00000045       0x46 c:/nxp/mcuxpressoide_11.8.0_1165/ide/plugins/com.nxp.mcuxpresso.tools.win32_11.8.0.202306131047/tools/bin/../lib/gcc/arm-none-eabi/12.2.1/../../../../arm-none-eabi/lib/thumb/v6-m/nofp\libcr_c.a(initio.o)
 .comment       0x00000045       0x46 c:/nxp/mcuxpressoide_11.8.0_1165/ide/plugins/com.nxp.mcuxpresso.tools.win32_11.8.0.202306131047/tools/bin/../lib/gcc/arm-none-eabi/12.2.1/../../../../arm-none-eabi/lib/thumb/v6-m/nofp\libcr_c.a(setvbuf.o)
 .comment       0x00000045       0x46 c:/nxp/mcuxpressoide_11.8.0_1165/ide/plugins/com.nxp.mcuxpresso.tools.win32_11.8.0.202306131047/tools/bin/../lib/gcc/arm-none-eabi/12.2.1/../../../../arm-none-eabi/lib/thumb/v6-m/nofp\libcr_c.a(_fdopen.o)
 .comment       0x00000045       0x46 c:/nxp/mcuxpressoide_11.8.0_1165/ide/plugins/com.nxp.mcuxpresso.tools.win32_11.8.0.202306131047/tools/bin/../lib/gcc/arm-none-eabi/12.2.1/../../../../arm-none-eabi/lib/thumb/v6-m/nofp\libcr_c.a(fclose.o)
 .comment       0x00000045       0x46 c:/nxp/mcuxpressoide_11.8.0_1165/ide/plugins/com.nxp.mcuxpresso.tools.win32_11.8.0.202306131047/tools/bin/../lib/gcc/arm-none-eabi/12.2.1/../../../../arm-none-eabi/lib/thumb/v6-m/nofp\libcr_c.a(fflush.o)
 .comment       0x00000045       0x46 c:/nxp/mcuxpressoide_11.8.0_1165/ide/plugins/com.nxp.mcuxpresso.tools.win32_11.8.0.202306131047/tools/bin/../lib/gcc/arm-none-eabi/12.2.1/../../../../arm-none-eabi/lib/thumb/v6-m/nofp\libcr_c.a(fseek.o)
 .comment       0x00000045       0x46 c:/nxp/mcuxpressoide_11.8.0_1165/ide/plugins/com.nxp.mcuxpresso.tools.win32_11.8.0.202306131047/tools/bin/../lib/gcc/arm-none-eabi/12.2.1/../../../../arm-none-eabi/lib/thumb/v6-m/nofp\libcr_c.a(ftell.o)
 .comment       0x00000045       0x46 c:/nxp/mcuxpressoide_11.8.0_1165/ide/plugins/com.nxp.mcuxpresso.tools.win32_11.8.0.202306131047/tools/bin/../lib/gcc/arm-none-eabi/12.2.1/../../../../arm-none-eabi/lib/thumb/v6-m/nofp\libcr_c.a(remove.o)
 .comment       0x00000045       0x46 c:/nxp/mcuxpressoide_11.8.0_1165/ide/plugins/com.nxp.mcuxpresso.tools.win32_11.8.0.202306131047/tools/bin/../lib/gcc/arm-none-eabi/12.2.1/../../../../arm-none-eabi/lib/thumb/v6-m/nofp\libcr_c.a(strlen.o)
 .comment       0x00000045       0x46 c:/nxp/mcuxpressoide_11.8.0_1165/ide/plugins/com.nxp.mcuxpresso.tools.win32_11.8.0.202306131047/tools/bin/../lib/gcc/arm-none-eabi/12.2.1/../../../../arm-none-eabi/lib/thumb/v6-m/nofp\libcr_c.a(_do_fflush.o)
 .comment       0x00000045       0x46 c:/nxp/mcuxpressoide_11.8.0_1165/ide/plugins/com.nxp.mcuxpresso.tools.win32_11.8.0.202306131047/tools/bin/../lib/gcc/arm-none-eabi/12.2.1/../../../../arm-none-eabi/lib/thumb/v6-m/nofp\libcr_c.a(_fflush.o)
 .comment       0x00000045       0x46 c:/nxp/mcuxpressoide_11.8.0_1165/ide/plugins/com.nxp.mcuxpresso.tools.win32_11.8.0.202306131047/tools/bin/../lib/gcc/arm-none-eabi/12.2.1/../../../../arm-none-eabi/lib/thumb/v6-m/nofp\libcr_c.a(_writebuf.o)
 .comment       0x00000045       0x46 c:/nxp/mcuxpressoide_11.8.0_1165/ide/plugins/com.nxp.mcuxpresso.tools.win32_11.8.0.202306131047/tools/bin/../lib/gcc/arm-none-eabi/12.2.1/../../../../arm-none-eabi/lib/thumb/v6-m/nofp\libcr_c.a(alloc.o)
 .comment       0x00000045       0x46 c:/nxp/mcuxpressoide_11.8.0_1165/ide/plugins/com.nxp.mcuxpresso.tools.win32_11.8.0.202306131047/tools/bin/../lib/gcc/arm-none-eabi/12.2.1/../../../../arm-none-eabi/lib/thumb/v6-m/nofp\libcr_c.a(errno.o)
 .comment       0x00000045       0x46 c:/nxp/mcuxpressoide_11.8.0_1165/ide/plugins/com.nxp.mcuxpresso.tools.win32_11.8.0.202306131047/tools/bin/../lib/gcc/arm-none-eabi/12.2.1/../../../../arm-none-eabi/lib/thumb/v6-m/nofp\libcr_c.a(_deferredlazyseek.o)
 .comment       0x00000045       0x46 c:/nxp/mcuxpressoide_11.8.0_1165/ide/plugins/com.nxp.mcuxpresso.tools.win32_11.8.0.202306131047/tools/bin/../lib/gcc/arm-none-eabi/12.2.1/thumb/v6-m/nofp\libcr_eabihelpers.a(double.o)
 .comment       0x00000045       0x46 c:/nxp/mcuxpressoide_11.8.0_1165/ide/plugins/com.nxp.mcuxpresso.tools.win32_11.8.0.202306131047/tools/bin/../lib/gcc/arm-none-eabi/12.2.1/thumb/v6-m/nofp\libcr_eabihelpers.a(float.o)
 .comment       0x00000045       0x46 c:/nxp/mcuxpressoide_11.8.0_1165/ide/plugins/com.nxp.mcuxpresso.tools.win32_11.8.0.202306131047/tools/bin/../lib/gcc/arm-none-eabi/12.2.1/../../../../arm-none-eabi/lib/thumb/v6-m/nofp\libcr_nohost_nf.a(__ciob.o)
 .comment       0x00000045       0x46 c:/nxp/mcuxpressoide_11.8.0_1165/ide/plugins/com.nxp.mcuxpresso.tools.win32_11.8.0.202306131047/tools/bin/../lib/gcc/arm-none-eabi/12.2.1/../../../../arm-none-eabi/lib/thumb/v6-m/nofp\libcr_nohost_nf.a(__sys_close.o)
 .comment       0x00000045       0x46 c:/nxp/mcuxpressoide_11.8.0_1165/ide/plugins/com.nxp.mcuxpresso.tools.win32_11.8.0.202306131047/tools/bin/../lib/gcc/arm-none-eabi/12.2.1/../../../../arm-none-eabi/lib/thumb/v6-m/nofp\libcr_nohost_nf.a(__sys_flen.o)
 .comment       0x00000045       0x46 c:/nxp/mcuxpressoide_11.8.0_1165/ide/plugins/com.nxp.mcuxpresso.tools.win32_11.8.0.202306131047/tools/bin/../lib/gcc/arm-none-eabi/12.2.1/../../../../arm-none-eabi/lib/thumb/v6-m/nofp\libcr_nohost_nf.a(__sys_istty.o)
 .comment       0x00000045       0x46 c:/nxp/mcuxpressoide_11.8.0_1165/ide/plugins/com.nxp.mcuxpresso.tools.win32_11.8.0.202306131047/tools/bin/../lib/gcc/arm-none-eabi/12.2.1/../../../../arm-none-eabi/lib/thumb/v6-m/nofp\libcr_nohost_nf.a(__sys_remove.o)
 .comment       0x00000045       0x46 c:/nxp/mcuxpressoide_11.8.0_1165/ide/plugins/com.nxp.mcuxpresso.tools.win32_11.8.0.202306131047/tools/bin/../lib/gcc/arm-none-eabi/12.2.1/../../../../arm-none-eabi/lib/thumb/v6-m/nofp\libcr_nohost_nf.a(__sys_seek.o)
 .comment       0x00000045       0x46 c:/nxp/mcuxpressoide_11.8.0_1165/ide/plugins/com.nxp.mcuxpresso.tools.win32_11.8.0.202306131047/tools/bin/../lib/gcc/arm-none-eabi/12.2.1/../../../../arm-none-eabi/lib/thumb/v6-m/nofp\libcr_nohost_nf.a(__sys_tmpnam.o)
 .comment       0x00000045       0x46 c:/nxp/mcuxpressoide_11.8.0_1165/ide/plugins/com.nxp.mcuxpresso.tools.win32_11.8.0.202306131047/tools/bin/../lib/gcc/arm-none-eabi/12.2.1/../../../../arm-none-eabi/lib/thumb/v6-m/nofp\libcr_nohost_nf.a(__sys_write.o)

.ARM.attributes
                0x00000000       0x2a
 .ARM.attributes
                0x00000000       0x2c ./startup/startup_mkl46z4.o
 .ARM.attributes
                0x0000002c       0x2c ./source/App_at_sector_50.o
 .ARM.attributes
                0x00000058       0x2c ./source/adc.o
 .ARM.attributes
                0x00000084       0x2c ./source/gpio.o
 .ARM.attributes
                0x000000b0       0x2c ./source/mtb.o
 .ARM.attributes
                0x000000dc       0x2c ./source/port.o
 .ARM.attributes
                0x00000108       0x2c ./source/printf.o
 .ARM.attributes
                0x00000134       0x2c ./source/semihost_hardfault.o
 .ARM.attributes
                0x00000160       0x2c ./source/uart.o
 .ARM.attributes
                0x0000018c       0x2c ./CMSIS/system_MKL46Z4.o
 .ARM.attributes
                0x000001b8       0x2c c:/nxp/mcuxpressoide_11.8.0_1165/ide/plugins/com.nxp.mcuxpresso.tools.win32_11.8.0.202306131047/tools/bin/../lib/gcc/arm-none-eabi/12.2.1/../../../../arm-none-eabi/lib/thumb/v6-m/nofp\libcr_nohost_nf.a(_cr__main.o)
 .ARM.attributes
                0x000001e4       0x2c c:/nxp/mcuxpressoide_11.8.0_1165/ide/plugins/com.nxp.mcuxpresso.tools.win32_11.8.0.202306131047/tools/bin/../lib/gcc/arm-none-eabi/12.2.1/../../../../arm-none-eabi/lib/thumb/v6-m/nofp\libcr_c.a(memset.o)
 .ARM.attributes
                0x00000210       0x2c c:/nxp/mcuxpressoide_11.8.0_1165/ide/plugins/com.nxp.mcuxpresso.tools.win32_11.8.0.202306131047/tools/bin/../lib/gcc/arm-none-eabi/12.2.1/../../../../arm-none-eabi/lib/thumb/v6-m/nofp\libcr_c.a(initio.o)
 .ARM.attributes
                0x0000023c       0x2c c:/nxp/mcuxpressoide_11.8.0_1165/ide/plugins/com.nxp.mcuxpresso.tools.win32_11.8.0.202306131047/tools/bin/../lib/gcc/arm-none-eabi/12.2.1/../../../../arm-none-eabi/lib/thumb/v6-m/nofp\libcr_c.a(setvbuf.o)
 .ARM.attributes
                0x00000268       0x2c c:/nxp/mcuxpressoide_11.8.0_1165/ide/plugins/com.nxp.mcuxpresso.tools.win32_11.8.0.202306131047/tools/bin/../lib/gcc/arm-none-eabi/12.2.1/../../../../arm-none-eabi/lib/thumb/v6-m/nofp\libcr_c.a(_fdopen.o)
 .ARM.attributes
                0x00000294       0x2c c:/nxp/mcuxpressoide_11.8.0_1165/ide/plugins/com.nxp.mcuxpresso.tools.win32_11.8.0.202306131047/tools/bin/../lib/gcc/arm-none-eabi/12.2.1/../../../../arm-none-eabi/lib/thumb/v6-m/nofp\libcr_c.a(fclose.o)
 .ARM.attributes
                0x000002c0       0x2c c:/nxp/mcuxpressoide_11.8.0_1165/ide/plugins/com.nxp.mcuxpresso.tools.win32_11.8.0.202306131047/tools/bin/../lib/gcc/arm-none-eabi/12.2.1/../../../../arm-none-eabi/lib/thumb/v6-m/nofp\libcr_c.a(fflush.o)
 .ARM.attributes
                0x000002ec       0x2c c:/nxp/mcuxpressoide_11.8.0_1165/ide/plugins/com.nxp.mcuxpresso.tools.win32_11.8.0.202306131047/tools/bin/../lib/gcc/arm-none-eabi/12.2.1/../../../../arm-none-eabi/lib/thumb/v6-m/nofp\libcr_c.a(fseek.o)
 .ARM.attributes
                0x00000318       0x2c c:/nxp/mcuxpressoide_11.8.0_1165/ide/plugins/com.nxp.mcuxpresso.tools.win32_11.8.0.202306131047/tools/bin/../lib/gcc/arm-none-eabi/12.2.1/../../../../arm-none-eabi/lib/thumb/v6-m/nofp\libcr_c.a(ftell.o)
 .ARM.attributes
                0x00000344       0x2c c:/nxp/mcuxpressoide_11.8.0_1165/ide/plugins/com.nxp.mcuxpresso.tools.win32_11.8.0.202306131047/tools/bin/../lib/gcc/arm-none-eabi/12.2.1/../../../../arm-none-eabi/lib/thumb/v6-m/nofp\libcr_c.a(remove.o)
 .ARM.attributes
                0x00000370       0x2c c:/nxp/mcuxpressoide_11.8.0_1165/ide/plugins/com.nxp.mcuxpresso.tools.win32_11.8.0.202306131047/tools/bin/../lib/gcc/arm-none-eabi/12.2.1/../../../../arm-none-eabi/lib/thumb/v6-m/nofp\libcr_c.a(strlen.o)
 .ARM.attributes
                0x0000039c       0x2c c:/nxp/mcuxpressoide_11.8.0_1165/ide/plugins/com.nxp.mcuxpresso.tools.win32_11.8.0.202306131047/tools/bin/../lib/gcc/arm-none-eabi/12.2.1/../../../../arm-none-eabi/lib/thumb/v6-m/nofp\libcr_c.a(_do_fflush.o)
 .ARM.attributes
                0x000003c8       0x2c c:/nxp/mcuxpressoide_11.8.0_1165/ide/plugins/com.nxp.mcuxpresso.tools.win32_11.8.0.202306131047/tools/bin/../lib/gcc/arm-none-eabi/12.2.1/../../../../arm-none-eabi/lib/thumb/v6-m/nofp\libcr_c.a(_fflush.o)
 .ARM.attributes
                0x000003f4       0x2c c:/nxp/mcuxpressoide_11.8.0_1165/ide/plugins/com.nxp.mcuxpresso.tools.win32_11.8.0.202306131047/tools/bin/../lib/gcc/arm-none-eabi/12.2.1/../../../../arm-none-eabi/lib/thumb/v6-m/nofp\libcr_c.a(_writebuf.o)
 .ARM.attributes
                0x00000420       0x2c c:/nxp/mcuxpressoide_11.8.0_1165/ide/plugins/com.nxp.mcuxpresso.tools.win32_11.8.0.202306131047/tools/bin/../lib/gcc/arm-none-eabi/12.2.1/../../../../arm-none-eabi/lib/thumb/v6-m/nofp\libcr_c.a(alloc.o)
 .ARM.attributes
                0x0000044c       0x2c c:/nxp/mcuxpressoide_11.8.0_1165/ide/plugins/com.nxp.mcuxpresso.tools.win32_11.8.0.202306131047/tools/bin/../lib/gcc/arm-none-eabi/12.2.1/../../../../arm-none-eabi/lib/thumb/v6-m/nofp\libcr_c.a(errno.o)
 .ARM.attributes
                0x00000478       0x2c c:/nxp/mcuxpressoide_11.8.0_1165/ide/plugins/com.nxp.mcuxpresso.tools.win32_11.8.0.202306131047/tools/bin/../lib/gcc/arm-none-eabi/12.2.1/../../../../arm-none-eabi/lib/thumb/v6-m/nofp\libcr_c.a(_deferredlazyseek.o)
 .ARM.attributes
                0x000004a4       0x1c c:/nxp/mcuxpressoide_11.8.0_1165/ide/plugins/com.nxp.mcuxpresso.tools.win32_11.8.0.202306131047/tools/bin/../lib/gcc/arm-none-eabi/12.2.1/thumb/v6-m/nofp\libcr_eabihelpers.a(division_32.o)
 .ARM.attributes
                0x000004c0       0x1c c:/nxp/mcuxpressoide_11.8.0_1165/ide/plugins/com.nxp.mcuxpresso.tools.win32_11.8.0.202306131047/tools/bin/../lib/gcc/arm-none-eabi/12.2.1/thumb/v6-m/nofp\libcr_eabihelpers.a(division_64.o)
 .ARM.attributes
                0x000004dc       0x1c c:/nxp/mcuxpressoide_11.8.0_1165/ide/plugins/com.nxp.mcuxpresso.tools.win32_11.8.0.202306131047/tools/bin/../lib/gcc/arm-none-eabi/12.2.1/thumb/v6-m/nofp\libcr_eabihelpers.a(division_idiv0.o)
 .ARM.attributes
                0x000004f8       0x2c c:/nxp/mcuxpressoide_11.8.0_1165/ide/plugins/com.nxp.mcuxpresso.tools.win32_11.8.0.202306131047/tools/bin/../lib/gcc/arm-none-eabi/12.2.1/thumb/v6-m/nofp\libcr_eabihelpers.a(double.o)
 .ARM.attributes
                0x00000524       0x2c c:/nxp/mcuxpressoide_11.8.0_1165/ide/plugins/com.nxp.mcuxpresso.tools.win32_11.8.0.202306131047/tools/bin/../lib/gcc/arm-none-eabi/12.2.1/thumb/v6-m/nofp\libcr_eabihelpers.a(float.o)
 .ARM.attributes
                0x00000550       0x1c c:/nxp/mcuxpressoide_11.8.0_1165/ide/plugins/com.nxp.mcuxpresso.tools.win32_11.8.0.202306131047/tools/bin/../lib/gcc/arm-none-eabi/12.2.1/thumb/v6-m/nofp\libcr_eabihelpers.a(llong.o)
 .ARM.attributes
                0x0000056c       0x1c c:/nxp/mcuxpressoide_11.8.0_1165/ide/plugins/com.nxp.mcuxpresso.tools.win32_11.8.0.202306131047/tools/bin/../lib/gcc/arm-none-eabi/12.2.1/thumb/v6-m/nofp\libcr_eabihelpers.a(memcpy.o)
 .ARM.attributes
                0x00000588       0x2c c:/nxp/mcuxpressoide_11.8.0_1165/ide/plugins/com.nxp.mcuxpresso.tools.win32_11.8.0.202306131047/tools/bin/../lib/gcc/arm-none-eabi/12.2.1/../../../../arm-none-eabi/lib/thumb/v6-m/nofp\libcr_nohost_nf.a(__ciob.o)
 .ARM.attributes
                0x000005b4       0x2c c:/nxp/mcuxpressoide_11.8.0_1165/ide/plugins/com.nxp.mcuxpresso.tools.win32_11.8.0.202306131047/tools/bin/../lib/gcc/arm-none-eabi/12.2.1/../../../../arm-none-eabi/lib/thumb/v6-m/nofp\libcr_nohost_nf.a(__sys_close.o)
 .ARM.attributes
                0x000005e0       0x2c c:/nxp/mcuxpressoide_11.8.0_1165/ide/plugins/com.nxp.mcuxpresso.tools.win32_11.8.0.202306131047/tools/bin/../lib/gcc/arm-none-eabi/12.2.1/../../../../arm-none-eabi/lib/thumb/v6-m/nofp\libcr_nohost_nf.a(__sys_flen.o)
 .ARM.attributes
                0x0000060c       0x2c c:/nxp/mcuxpressoide_11.8.0_1165/ide/plugins/com.nxp.mcuxpresso.tools.win32_11.8.0.202306131047/tools/bin/../lib/gcc/arm-none-eabi/12.2.1/../../../../arm-none-eabi/lib/thumb/v6-m/nofp\libcr_nohost_nf.a(__sys_istty.o)
 .ARM.attributes
                0x00000638       0x2c c:/nxp/mcuxpressoide_11.8.0_1165/ide/plugins/com.nxp.mcuxpresso.tools.win32_11.8.0.202306131047/tools/bin/../lib/gcc/arm-none-eabi/12.2.1/../../../../arm-none-eabi/lib/thumb/v6-m/nofp\libcr_nohost_nf.a(__sys_remove.o)
 .ARM.attributes
                0x00000664       0x2c c:/nxp/mcuxpressoide_11.8.0_1165/ide/plugins/com.nxp.mcuxpresso.tools.win32_11.8.0.202306131047/tools/bin/../lib/gcc/arm-none-eabi/12.2.1/../../../../arm-none-eabi/lib/thumb/v6-m/nofp\libcr_nohost_nf.a(__sys_seek.o)
 .ARM.attributes
                0x00000690       0x2c c:/nxp/mcuxpressoide_11.8.0_1165/ide/plugins/com.nxp.mcuxpresso.tools.win32_11.8.0.202306131047/tools/bin/../lib/gcc/arm-none-eabi/12.2.1/../../../../arm-none-eabi/lib/thumb/v6-m/nofp\libcr_nohost_nf.a(__sys_tmpnam.o)
 .ARM.attributes
                0x000006bc       0x2c c:/nxp/mcuxpressoide_11.8.0_1165/ide/plugins/com.nxp.mcuxpresso.tools.win32_11.8.0.202306131047/tools/bin/../lib/gcc/arm-none-eabi/12.2.1/../../../../arm-none-eabi/lib/thumb/v6-m/nofp\libcr_nohost_nf.a(__sys_write.o)

.debug_frame    0x00000000      0xd74
 .debug_frame   0x00000000      0x3b0 ./startup/startup_mkl46z4.o
 .debug_frame   0x000003b0       0x8c ./source/App_at_sector_50.o
 .debug_frame   0x0000043c      0x1cc ./source/adc.o
 .debug_frame   0x00000608       0xd0 ./source/gpio.o
 .debug_frame   0x000006d8      0x210 ./source/port.o
 .debug_frame   0x000008e8      0x2c0 ./source/printf.o
 .debug_frame   0x00000ba8       0x20 ./source/semihost_hardfault.o
 .debug_frame   0x00000bc8      0x144 ./source/uart.o
 .debug_frame   0x00000d0c       0x68 ./CMSIS/system_MKL46Z4.o

Cross Reference Table

Symbol                                            File
ADC0_DriverIRQHandler                             ./startup/startup_mkl46z4.o
ADC0_IRQHandler                                   ./source/adc.o
                                                  ./startup/startup_mkl46z4.o
ADC_Init                                          ./source/adc.o
                                                  ./source/App_at_sector_50.o
ADC_SetCallBack                                   ./source/adc.o
ADC_StartConv                                     ./source/adc.o
                                                  ./source/App_at_sector_50.o
CMP0_DriverIRQHandler                             ./startup/startup_mkl46z4.o
CMP0_IRQHandler                                   ./startup/startup_mkl46z4.o
DAC0_DriverIRQHandler                             ./startup/startup_mkl46z4.o
DAC0_IRQHandler                                   ./startup/startup_mkl46z4.o
DMA0_DriverIRQHandler                             ./startup/startup_mkl46z4.o
DMA0_IRQHandler                                   ./startup/startup_mkl46z4.o
DMA1_DriverIRQHandler                             ./startup/startup_mkl46z4.o
DMA1_IRQHandler                                   ./startup/startup_mkl46z4.o
DMA2_DriverIRQHandler                             ./startup/startup_mkl46z4.o
DMA2_IRQHandler                                   ./startup/startup_mkl46z4.o
DMA3_DriverIRQHandler                             ./startup/startup_mkl46z4.o
DMA3_IRQHandler                                   ./startup/startup_mkl46z4.o
EXTI_PORTA_SetCallback                            ./source/port.o
EXTI_PORTC_SetCallback                            ./source/port.o
EXTI_PORTD_SetCallback                            ./source/port.o
FTFA_DriverIRQHandler                             ./startup/startup_mkl46z4.o
FTFA_IRQHandler                                   ./startup/startup_mkl46z4.o
Flash_Config                                      ./startup/startup_mkl46z4.o
GPIO_DenitPin                                     ./source/gpio.o
GPIO_InitPin                                      ./source/gpio.o
                                                  ./source/App_at_sector_50.o
GPIO_ReadPin                                      ./source/gpio.o
GPIO_TogglePin                                    ./source/gpio.o
                                                  ./source/App_at_sector_50.o
GPIO_WritePin                                     ./source/gpio.o
HardFault_Handler                                 ./source/semihost_hardfault.o
                                                  ./startup/startup_mkl46z4.o
I2C0_DriverIRQHandler                             ./startup/startup_mkl46z4.o
I2C0_IRQHandler                                   ./startup/startup_mkl46z4.o
I2C1_DriverIRQHandler                             ./startup/startup_mkl46z4.o
I2C1_IRQHandler                                   ./startup/startup_mkl46z4.o
I2S0_DriverIRQHandler                             ./startup/startup_mkl46z4.o
I2S0_IRQHandler                                   ./startup/startup_mkl46z4.o
IntDefaultHandler                                 ./startup/startup_mkl46z4.o
LCD_DriverIRQHandler                              ./startup/startup_mkl46z4.o
LCD_IRQHandler                                    ./startup/startup_mkl46z4.o
LLWU_DriverIRQHandler                             ./startup/startup_mkl46z4.o
LLWU_IRQHandler                                   ./startup/startup_mkl46z4.o
LPTMR0_DriverIRQHandler                           ./startup/startup_mkl46z4.o
LPTMR0_IRQHandler                                 ./startup/startup_mkl46z4.o
LVD_LVW_DriverIRQHandler                          ./startup/startup_mkl46z4.o
LVD_LVW_IRQHandler                                ./startup/startup_mkl46z4.o
MCG_DriverIRQHandler                              ./startup/startup_mkl46z4.o
MCG_IRQHandler                                    ./startup/startup_mkl46z4.o
NMI_Handler                                       ./startup/startup_mkl46z4.o
PIT_DriverIRQHandler                              ./startup/startup_mkl46z4.o
PIT_IRQHandler                                    ./startup/startup_mkl46z4.o
PORTA_DriverIRQHandler                            ./startup/startup_mkl46z4.o
PORTA_IRQHandler                                  ./source/port.o
                                                  ./startup/startup_mkl46z4.o
PORTC_PORTD_DriverIRQHandler                      ./startup/startup_mkl46z4.o
PORTC_PORTD_IRQHandler                            ./source/port.o
                                                  ./startup/startup_mkl46z4.o
PORT_DenitPin                                     ./source/port.o
PORT_InitPin                                      ./source/port.o
                                                  ./source/App_at_sector_50.o
PendSV_Handler                                    ./startup/startup_mkl46z4.o
RTC_DriverIRQHandler                              ./startup/startup_mkl46z4.o
RTC_IRQHandler                                    ./startup/startup_mkl46z4.o
RTC_Seconds_DriverIRQHandler                      ./startup/startup_mkl46z4.o
RTC_Seconds_IRQHandler                            ./startup/startup_mkl46z4.o
Reserved20_DriverIRQHandler                       ./startup/startup_mkl46z4.o
Reserved20_IRQHandler                             ./startup/startup_mkl46z4.o
ResetISR                                          ./startup/startup_mkl46z4.o
SPI0_DriverIRQHandler                             ./startup/startup_mkl46z4.o
SPI0_IRQHandler                                   ./startup/startup_mkl46z4.o
SPI1_DriverIRQHandler                             ./startup/startup_mkl46z4.o
SPI1_IRQHandler                                   ./startup/startup_mkl46z4.o
SVC_Handler                                       ./startup/startup_mkl46z4.o
SysTick_Handler                                   ./startup/startup_mkl46z4.o
SystemCoreClock                                   ./CMSIS/system_MKL46Z4.o
SystemCoreClockUpdate                             ./CMSIS/system_MKL46Z4.o
                                                  ./source/App_at_sector_50.o
SystemInit                                        ./CMSIS/system_MKL46Z4.o
                                                  ./startup/startup_mkl46z4.o
SystemInitHook                                    ./CMSIS/system_MKL46Z4.o
TPM0_DriverIRQHandler                             ./startup/startup_mkl46z4.o
TPM0_IRQHandler                                   ./startup/startup_mkl46z4.o
TPM1_DriverIRQHandler                             ./startup/startup_mkl46z4.o
TPM1_IRQHandler                                   ./startup/startup_mkl46z4.o
TPM2_DriverIRQHandler                             ./startup/startup_mkl46z4.o
TPM2_IRQHandler                                   ./startup/startup_mkl46z4.o
TSI0_DriverIRQHandler                             ./startup/startup_mkl46z4.o
TSI0_IRQHandler                                   ./startup/startup_mkl46z4.o
TempSensorSlope                                   ./source/App_at_sector_50.o
TempSensorVolt25                                  ./source/App_at_sector_50.o
Temp_History                                      ./source/App_at_sector_50.o
UART0_DriverIRQHandler                            ./startup/startup_mkl46z4.o
UART0_IRQHandler                                  ./source/uart.o
                                                  ./startup/startup_mkl46z4.o
UART1_DriverIRQHandler                            ./startup/startup_mkl46z4.o
UART1_IRQHandler                                  ./startup/startup_mkl46z4.o
UART2_DriverIRQHandler                            ./startup/startup_mkl46z4.o
UART2_IRQHandler                                  ./startup/startup_mkl46z4.o
USB0_DriverIRQHandler                             ./startup/startup_mkl46z4.o
USB0_IRQHandler                                   ./startup/startup_mkl46z4.o
_Csys_alloc                                       c:/nxp/mcuxpressoide_11.8.0_1165/ide/plugins/com.nxp.mcuxpresso.tools.win32_11.8.0.202306131047/tools/bin/../lib/gcc/arm-none-eabi/12.2.1/../../../../arm-none-eabi/lib/thumb/v6-m/nofp\libcr_c.a(alloc.o)
                                                  c:/nxp/mcuxpressoide_11.8.0_1165/ide/plugins/com.nxp.mcuxpresso.tools.win32_11.8.0.202306131047/tools/bin/../lib/gcc/arm-none-eabi/12.2.1/../../../../arm-none-eabi/lib/thumb/v6-m/nofp\libcr_c.a(_deferredlazyseek.o)
_Cwritebuf                                        c:/nxp/mcuxpressoide_11.8.0_1165/ide/plugins/com.nxp.mcuxpresso.tools.win32_11.8.0.202306131047/tools/bin/../lib/gcc/arm-none-eabi/12.2.1/../../../../arm-none-eabi/lib/thumb/v6-m/nofp\libcr_c.a(_writebuf.o)
                                                  c:/nxp/mcuxpressoide_11.8.0_1165/ide/plugins/com.nxp.mcuxpresso.tools.win32_11.8.0.202306131047/tools/bin/../lib/gcc/arm-none-eabi/12.2.1/../../../../arm-none-eabi/lib/thumb/v6-m/nofp\libcr_c.a(_deferredlazyseek.o)
                                                  c:/nxp/mcuxpressoide_11.8.0_1165/ide/plugins/com.nxp.mcuxpresso.tools.win32_11.8.0.202306131047/tools/bin/../lib/gcc/arm-none-eabi/12.2.1/../../../../arm-none-eabi/lib/thumb/v6-m/nofp\libcr_c.a(_fflush.o)
__Ciob                                            c:/nxp/mcuxpressoide_11.8.0_1165/ide/plugins/com.nxp.mcuxpresso.tools.win32_11.8.0.202306131047/tools/bin/../lib/gcc/arm-none-eabi/12.2.1/../../../../arm-none-eabi/lib/thumb/v6-m/nofp\libcr_nohost_nf.a(__ciob.o)
                                                  c:/nxp/mcuxpressoide_11.8.0_1165/ide/plugins/com.nxp.mcuxpresso.tools.win32_11.8.0.202306131047/tools/bin/../lib/gcc/arm-none-eabi/12.2.1/../../../../arm-none-eabi/lib/thumb/v6-m/nofp\libcr_c.a(fflush.o)
                                                  c:/nxp/mcuxpressoide_11.8.0_1165/ide/plugins/com.nxp.mcuxpresso.tools.win32_11.8.0.202306131047/tools/bin/../lib/gcc/arm-none-eabi/12.2.1/../../../../arm-none-eabi/lib/thumb/v6-m/nofp\libcr_c.a(initio.o)
__Vectors                                         ./startup/startup_mkl46z4.o
__aeabi_cdcmpeq                                   c:/nxp/mcuxpressoide_11.8.0_1165/ide/plugins/com.nxp.mcuxpresso.tools.win32_11.8.0.202306131047/tools/bin/../lib/gcc/arm-none-eabi/12.2.1/thumb/v6-m/nofp\libcr_eabihelpers.a(double.o)
__aeabi_cdcmple                                   c:/nxp/mcuxpressoide_11.8.0_1165/ide/plugins/com.nxp.mcuxpresso.tools.win32_11.8.0.202306131047/tools/bin/../lib/gcc/arm-none-eabi/12.2.1/thumb/v6-m/nofp\libcr_eabihelpers.a(double.o)
__aeabi_cdrcmple                                  c:/nxp/mcuxpressoide_11.8.0_1165/ide/plugins/com.nxp.mcuxpresso.tools.win32_11.8.0.202306131047/tools/bin/../lib/gcc/arm-none-eabi/12.2.1/thumb/v6-m/nofp\libcr_eabihelpers.a(double.o)
__aeabi_cfcmpeq                                   c:/nxp/mcuxpressoide_11.8.0_1165/ide/plugins/com.nxp.mcuxpresso.tools.win32_11.8.0.202306131047/tools/bin/../lib/gcc/arm-none-eabi/12.2.1/thumb/v6-m/nofp\libcr_eabihelpers.a(float.o)
__aeabi_cfcmple                                   c:/nxp/mcuxpressoide_11.8.0_1165/ide/plugins/com.nxp.mcuxpresso.tools.win32_11.8.0.202306131047/tools/bin/../lib/gcc/arm-none-eabi/12.2.1/thumb/v6-m/nofp\libcr_eabihelpers.a(float.o)
__aeabi_cfrcmple                                  c:/nxp/mcuxpressoide_11.8.0_1165/ide/plugins/com.nxp.mcuxpresso.tools.win32_11.8.0.202306131047/tools/bin/../lib/gcc/arm-none-eabi/12.2.1/thumb/v6-m/nofp\libcr_eabihelpers.a(float.o)
__aeabi_d2f                                       c:/nxp/mcuxpressoide_11.8.0_1165/ide/plugins/com.nxp.mcuxpresso.tools.win32_11.8.0.202306131047/tools/bin/../lib/gcc/arm-none-eabi/12.2.1/thumb/v6-m/nofp\libcr_eabihelpers.a(double.o)
__aeabi_d2iz                                      c:/nxp/mcuxpressoide_11.8.0_1165/ide/plugins/com.nxp.mcuxpresso.tools.win32_11.8.0.202306131047/tools/bin/../lib/gcc/arm-none-eabi/12.2.1/thumb/v6-m/nofp\libcr_eabihelpers.a(double.o)
                                                  ./source/printf.o
__aeabi_d2lz                                      c:/nxp/mcuxpressoide_11.8.0_1165/ide/plugins/com.nxp.mcuxpresso.tools.win32_11.8.0.202306131047/tools/bin/../lib/gcc/arm-none-eabi/12.2.1/thumb/v6-m/nofp\libcr_eabihelpers.a(double.o)
__aeabi_d2uiz                                     c:/nxp/mcuxpressoide_11.8.0_1165/ide/plugins/com.nxp.mcuxpresso.tools.win32_11.8.0.202306131047/tools/bin/../lib/gcc/arm-none-eabi/12.2.1/thumb/v6-m/nofp\libcr_eabihelpers.a(double.o)
                                                  ./source/printf.o
__aeabi_d2ulz                                     c:/nxp/mcuxpressoide_11.8.0_1165/ide/plugins/com.nxp.mcuxpresso.tools.win32_11.8.0.202306131047/tools/bin/../lib/gcc/arm-none-eabi/12.2.1/thumb/v6-m/nofp\libcr_eabihelpers.a(double.o)
__aeabi_dadd                                      c:/nxp/mcuxpressoide_11.8.0_1165/ide/plugins/com.nxp.mcuxpresso.tools.win32_11.8.0.202306131047/tools/bin/../lib/gcc/arm-none-eabi/12.2.1/thumb/v6-m/nofp\libcr_eabihelpers.a(double.o)
                                                  ./source/printf.o
__aeabi_dcmpeq                                    c:/nxp/mcuxpressoide_11.8.0_1165/ide/plugins/com.nxp.mcuxpresso.tools.win32_11.8.0.202306131047/tools/bin/../lib/gcc/arm-none-eabi/12.2.1/thumb/v6-m/nofp\libcr_eabihelpers.a(double.o)
                                                  ./source/printf.o
__aeabi_dcmpge                                    c:/nxp/mcuxpressoide_11.8.0_1165/ide/plugins/com.nxp.mcuxpresso.tools.win32_11.8.0.202306131047/tools/bin/../lib/gcc/arm-none-eabi/12.2.1/thumb/v6-m/nofp\libcr_eabihelpers.a(double.o)
                                                  ./source/printf.o
__aeabi_dcmpgt                                    c:/nxp/mcuxpressoide_11.8.0_1165/ide/plugins/com.nxp.mcuxpresso.tools.win32_11.8.0.202306131047/tools/bin/../lib/gcc/arm-none-eabi/12.2.1/thumb/v6-m/nofp\libcr_eabihelpers.a(double.o)
                                                  ./source/printf.o
__aeabi_dcmple                                    c:/nxp/mcuxpressoide_11.8.0_1165/ide/plugins/com.nxp.mcuxpresso.tools.win32_11.8.0.202306131047/tools/bin/../lib/gcc/arm-none-eabi/12.2.1/thumb/v6-m/nofp\libcr_eabihelpers.a(double.o)
__aeabi_dcmplt                                    c:/nxp/mcuxpressoide_11.8.0_1165/ide/plugins/com.nxp.mcuxpresso.tools.win32_11.8.0.202306131047/tools/bin/../lib/gcc/arm-none-eabi/12.2.1/thumb/v6-m/nofp\libcr_eabihelpers.a(double.o)
                                                  ./source/printf.o
__aeabi_dcmpun                                    c:/nxp/mcuxpressoide_11.8.0_1165/ide/plugins/com.nxp.mcuxpresso.tools.win32_11.8.0.202306131047/tools/bin/../lib/gcc/arm-none-eabi/12.2.1/thumb/v6-m/nofp\libcr_eabihelpers.a(double.o)
__aeabi_ddiv                                      c:/nxp/mcuxpressoide_11.8.0_1165/ide/plugins/com.nxp.mcuxpresso.tools.win32_11.8.0.202306131047/tools/bin/../lib/gcc/arm-none-eabi/12.2.1/thumb/v6-m/nofp\libcr_eabihelpers.a(double.o)
                                                  ./source/printf.o
__aeabi_dmul                                      c:/nxp/mcuxpressoide_11.8.0_1165/ide/plugins/com.nxp.mcuxpresso.tools.win32_11.8.0.202306131047/tools/bin/../lib/gcc/arm-none-eabi/12.2.1/thumb/v6-m/nofp\libcr_eabihelpers.a(double.o)
                                                  ./source/printf.o
__aeabi_dneg                                      c:/nxp/mcuxpressoide_11.8.0_1165/ide/plugins/com.nxp.mcuxpresso.tools.win32_11.8.0.202306131047/tools/bin/../lib/gcc/arm-none-eabi/12.2.1/thumb/v6-m/nofp\libcr_eabihelpers.a(double.o)
__aeabi_drsub                                     c:/nxp/mcuxpressoide_11.8.0_1165/ide/plugins/com.nxp.mcuxpresso.tools.win32_11.8.0.202306131047/tools/bin/../lib/gcc/arm-none-eabi/12.2.1/thumb/v6-m/nofp\libcr_eabihelpers.a(double.o)
__aeabi_dsub                                      c:/nxp/mcuxpressoide_11.8.0_1165/ide/plugins/com.nxp.mcuxpresso.tools.win32_11.8.0.202306131047/tools/bin/../lib/gcc/arm-none-eabi/12.2.1/thumb/v6-m/nofp\libcr_eabihelpers.a(double.o)
                                                  ./source/printf.o
__aeabi_f2d                                       c:/nxp/mcuxpressoide_11.8.0_1165/ide/plugins/com.nxp.mcuxpresso.tools.win32_11.8.0.202306131047/tools/bin/../lib/gcc/arm-none-eabi/12.2.1/thumb/v6-m/nofp\libcr_eabihelpers.a(float.o)
                                                  ./source/App_at_sector_50.o
__aeabi_f2iz                                      c:/nxp/mcuxpressoide_11.8.0_1165/ide/plugins/com.nxp.mcuxpresso.tools.win32_11.8.0.202306131047/tools/bin/../lib/gcc/arm-none-eabi/12.2.1/thumb/v6-m/nofp\libcr_eabihelpers.a(float.o)
__aeabi_f2lz                                      c:/nxp/mcuxpressoide_11.8.0_1165/ide/plugins/com.nxp.mcuxpresso.tools.win32_11.8.0.202306131047/tools/bin/../lib/gcc/arm-none-eabi/12.2.1/thumb/v6-m/nofp\libcr_eabihelpers.a(float.o)
__aeabi_f2uiz                                     c:/nxp/mcuxpressoide_11.8.0_1165/ide/plugins/com.nxp.mcuxpresso.tools.win32_11.8.0.202306131047/tools/bin/../lib/gcc/arm-none-eabi/12.2.1/thumb/v6-m/nofp\libcr_eabihelpers.a(float.o)
__aeabi_f2ulz                                     c:/nxp/mcuxpressoide_11.8.0_1165/ide/plugins/com.nxp.mcuxpresso.tools.win32_11.8.0.202306131047/tools/bin/../lib/gcc/arm-none-eabi/12.2.1/thumb/v6-m/nofp\libcr_eabihelpers.a(float.o)
__aeabi_fadd                                      c:/nxp/mcuxpressoide_11.8.0_1165/ide/plugins/com.nxp.mcuxpresso.tools.win32_11.8.0.202306131047/tools/bin/../lib/gcc/arm-none-eabi/12.2.1/thumb/v6-m/nofp\libcr_eabihelpers.a(float.o)
__aeabi_fcmpeq                                    c:/nxp/mcuxpressoide_11.8.0_1165/ide/plugins/com.nxp.mcuxpresso.tools.win32_11.8.0.202306131047/tools/bin/../lib/gcc/arm-none-eabi/12.2.1/thumb/v6-m/nofp\libcr_eabihelpers.a(float.o)
__aeabi_fcmpge                                    c:/nxp/mcuxpressoide_11.8.0_1165/ide/plugins/com.nxp.mcuxpresso.tools.win32_11.8.0.202306131047/tools/bin/../lib/gcc/arm-none-eabi/12.2.1/thumb/v6-m/nofp\libcr_eabihelpers.a(float.o)
__aeabi_fcmpgt                                    c:/nxp/mcuxpressoide_11.8.0_1165/ide/plugins/com.nxp.mcuxpresso.tools.win32_11.8.0.202306131047/tools/bin/../lib/gcc/arm-none-eabi/12.2.1/thumb/v6-m/nofp\libcr_eabihelpers.a(float.o)
__aeabi_fcmple                                    c:/nxp/mcuxpressoide_11.8.0_1165/ide/plugins/com.nxp.mcuxpresso.tools.win32_11.8.0.202306131047/tools/bin/../lib/gcc/arm-none-eabi/12.2.1/thumb/v6-m/nofp\libcr_eabihelpers.a(float.o)
__aeabi_fcmplt                                    c:/nxp/mcuxpressoide_11.8.0_1165/ide/plugins/com.nxp.mcuxpresso.tools.win32_11.8.0.202306131047/tools/bin/../lib/gcc/arm-none-eabi/12.2.1/thumb/v6-m/nofp\libcr_eabihelpers.a(float.o)
__aeabi_fcmpun                                    c:/nxp/mcuxpressoide_11.8.0_1165/ide/plugins/com.nxp.mcuxpresso.tools.win32_11.8.0.202306131047/tools/bin/../lib/gcc/arm-none-eabi/12.2.1/thumb/v6-m/nofp\libcr_eabihelpers.a(float.o)
__aeabi_fdiv                                      c:/nxp/mcuxpressoide_11.8.0_1165/ide/plugins/com.nxp.mcuxpresso.tools.win32_11.8.0.202306131047/tools/bin/../lib/gcc/arm-none-eabi/12.2.1/thumb/v6-m/nofp\libcr_eabihelpers.a(float.o)
                                                  ./source/App_at_sector_50.o
__aeabi_fmul                                      c:/nxp/mcuxpressoide_11.8.0_1165/ide/plugins/com.nxp.mcuxpresso.tools.win32_11.8.0.202306131047/tools/bin/../lib/gcc/arm-none-eabi/12.2.1/thumb/v6-m/nofp\libcr_eabihelpers.a(float.o)
                                                  ./source/App_at_sector_50.o
__aeabi_fneg                                      c:/nxp/mcuxpressoide_11.8.0_1165/ide/plugins/com.nxp.mcuxpresso.tools.win32_11.8.0.202306131047/tools/bin/../lib/gcc/arm-none-eabi/12.2.1/thumb/v6-m/nofp\libcr_eabihelpers.a(float.o)
__aeabi_frsub                                     c:/nxp/mcuxpressoide_11.8.0_1165/ide/plugins/com.nxp.mcuxpresso.tools.win32_11.8.0.202306131047/tools/bin/../lib/gcc/arm-none-eabi/12.2.1/thumb/v6-m/nofp\libcr_eabihelpers.a(float.o)
__aeabi_fsub                                      c:/nxp/mcuxpressoide_11.8.0_1165/ide/plugins/com.nxp.mcuxpresso.tools.win32_11.8.0.202306131047/tools/bin/../lib/gcc/arm-none-eabi/12.2.1/thumb/v6-m/nofp\libcr_eabihelpers.a(float.o)
                                                  ./source/App_at_sector_50.o
__aeabi_i2d                                       c:/nxp/mcuxpressoide_11.8.0_1165/ide/plugins/com.nxp.mcuxpresso.tools.win32_11.8.0.202306131047/tools/bin/../lib/gcc/arm-none-eabi/12.2.1/thumb/v6-m/nofp\libcr_eabihelpers.a(double.o)
                                                  ./source/printf.o
__aeabi_i2f                                       c:/nxp/mcuxpressoide_11.8.0_1165/ide/plugins/com.nxp.mcuxpresso.tools.win32_11.8.0.202306131047/tools/bin/../lib/gcc/arm-none-eabi/12.2.1/thumb/v6-m/nofp\libcr_eabihelpers.a(float.o)
                                                  ./source/App_at_sector_50.o
__aeabi_idiv                                      c:/nxp/mcuxpressoide_11.8.0_1165/ide/plugins/com.nxp.mcuxpresso.tools.win32_11.8.0.202306131047/tools/bin/../lib/gcc/arm-none-eabi/12.2.1/thumb/v6-m/nofp\libcr_eabihelpers.a(division_32.o)
                                                  ./source/printf.o
__aeabi_idiv0                                     c:/nxp/mcuxpressoide_11.8.0_1165/ide/plugins/com.nxp.mcuxpresso.tools.win32_11.8.0.202306131047/tools/bin/../lib/gcc/arm-none-eabi/12.2.1/thumb/v6-m/nofp\libcr_eabihelpers.a(division_idiv0.o)
                                                  c:/nxp/mcuxpressoide_11.8.0_1165/ide/plugins/com.nxp.mcuxpresso.tools.win32_11.8.0.202306131047/tools/bin/../lib/gcc/arm-none-eabi/12.2.1/thumb/v6-m/nofp\libcr_eabihelpers.a(division_64.o)
                                                  c:/nxp/mcuxpressoide_11.8.0_1165/ide/plugins/com.nxp.mcuxpresso.tools.win32_11.8.0.202306131047/tools/bin/../lib/gcc/arm-none-eabi/12.2.1/thumb/v6-m/nofp\libcr_eabihelpers.a(division_32.o)
__aeabi_idivmod                                   c:/nxp/mcuxpressoide_11.8.0_1165/ide/plugins/com.nxp.mcuxpresso.tools.win32_11.8.0.202306131047/tools/bin/../lib/gcc/arm-none-eabi/12.2.1/thumb/v6-m/nofp\libcr_eabihelpers.a(division_32.o)
                                                  ./source/printf.o
__aeabi_l2d                                       c:/nxp/mcuxpressoide_11.8.0_1165/ide/plugins/com.nxp.mcuxpresso.tools.win32_11.8.0.202306131047/tools/bin/../lib/gcc/arm-none-eabi/12.2.1/thumb/v6-m/nofp\libcr_eabihelpers.a(double.o)
__aeabi_l2f                                       c:/nxp/mcuxpressoide_11.8.0_1165/ide/plugins/com.nxp.mcuxpresso.tools.win32_11.8.0.202306131047/tools/bin/../lib/gcc/arm-none-eabi/12.2.1/thumb/v6-m/nofp\libcr_eabihelpers.a(float.o)
__aeabi_lasr                                      c:/nxp/mcuxpressoide_11.8.0_1165/ide/plugins/com.nxp.mcuxpresso.tools.win32_11.8.0.202306131047/tools/bin/../lib/gcc/arm-none-eabi/12.2.1/thumb/v6-m/nofp\libcr_eabihelpers.a(llong.o)
__aeabi_lcmp                                      c:/nxp/mcuxpressoide_11.8.0_1165/ide/plugins/com.nxp.mcuxpresso.tools.win32_11.8.0.202306131047/tools/bin/../lib/gcc/arm-none-eabi/12.2.1/thumb/v6-m/nofp\libcr_eabihelpers.a(llong.o)
__aeabi_ldivmod                                   c:/nxp/mcuxpressoide_11.8.0_1165/ide/plugins/com.nxp.mcuxpresso.tools.win32_11.8.0.202306131047/tools/bin/../lib/gcc/arm-none-eabi/12.2.1/thumb/v6-m/nofp\libcr_eabihelpers.a(division_64.o)
__aeabi_llsl                                      c:/nxp/mcuxpressoide_11.8.0_1165/ide/plugins/com.nxp.mcuxpresso.tools.win32_11.8.0.202306131047/tools/bin/../lib/gcc/arm-none-eabi/12.2.1/thumb/v6-m/nofp\libcr_eabihelpers.a(llong.o)
__aeabi_llsr                                      c:/nxp/mcuxpressoide_11.8.0_1165/ide/plugins/com.nxp.mcuxpresso.tools.win32_11.8.0.202306131047/tools/bin/../lib/gcc/arm-none-eabi/12.2.1/thumb/v6-m/nofp\libcr_eabihelpers.a(llong.o)
__aeabi_lmul                                      c:/nxp/mcuxpressoide_11.8.0_1165/ide/plugins/com.nxp.mcuxpresso.tools.win32_11.8.0.202306131047/tools/bin/../lib/gcc/arm-none-eabi/12.2.1/thumb/v6-m/nofp\libcr_eabihelpers.a(llong.o)
                                                  c:/nxp/mcuxpressoide_11.8.0_1165/ide/plugins/com.nxp.mcuxpresso.tools.win32_11.8.0.202306131047/tools/bin/../lib/gcc/arm-none-eabi/12.2.1/thumb/v6-m/nofp\libcr_eabihelpers.a(float.o)
                                                  c:/nxp/mcuxpressoide_11.8.0_1165/ide/plugins/com.nxp.mcuxpresso.tools.win32_11.8.0.202306131047/tools/bin/../lib/gcc/arm-none-eabi/12.2.1/thumb/v6-m/nofp\libcr_eabihelpers.a(double.o)
__aeabi_lowlevel_memset                           c:/nxp/mcuxpressoide_11.8.0_1165/ide/plugins/com.nxp.mcuxpresso.tools.win32_11.8.0.202306131047/tools/bin/../lib/gcc/arm-none-eabi/12.2.1/thumb/v6-m/nofp\libcr_eabihelpers.a(memcpy.o)
                                                  c:/nxp/mcuxpressoide_11.8.0_1165/ide/plugins/com.nxp.mcuxpresso.tools.win32_11.8.0.202306131047/tools/bin/../lib/gcc/arm-none-eabi/12.2.1/../../../../arm-none-eabi/lib/thumb/v6-m/nofp\libcr_c.a(memset.o)
__aeabi_memclr                                    c:/nxp/mcuxpressoide_11.8.0_1165/ide/plugins/com.nxp.mcuxpresso.tools.win32_11.8.0.202306131047/tools/bin/../lib/gcc/arm-none-eabi/12.2.1/thumb/v6-m/nofp\libcr_eabihelpers.a(memcpy.o)
__aeabi_memclr4                                   c:/nxp/mcuxpressoide_11.8.0_1165/ide/plugins/com.nxp.mcuxpresso.tools.win32_11.8.0.202306131047/tools/bin/../lib/gcc/arm-none-eabi/12.2.1/thumb/v6-m/nofp\libcr_eabihelpers.a(memcpy.o)
__aeabi_memclr8                                   c:/nxp/mcuxpressoide_11.8.0_1165/ide/plugins/com.nxp.mcuxpresso.tools.win32_11.8.0.202306131047/tools/bin/../lib/gcc/arm-none-eabi/12.2.1/thumb/v6-m/nofp\libcr_eabihelpers.a(memcpy.o)
__aeabi_memcpy                                    c:/nxp/mcuxpressoide_11.8.0_1165/ide/plugins/com.nxp.mcuxpresso.tools.win32_11.8.0.202306131047/tools/bin/../lib/gcc/arm-none-eabi/12.2.1/thumb/v6-m/nofp\libcr_eabihelpers.a(memcpy.o)
                                                  c:/nxp/mcuxpressoide_11.8.0_1165/ide/plugins/com.nxp.mcuxpresso.tools.win32_11.8.0.202306131047/tools/bin/../lib/gcc/arm-none-eabi/12.2.1/../../../../arm-none-eabi/lib/thumb/v6-m/nofp\libcr_c.a(memcpy.o)
__aeabi_memcpy4                                   c:/nxp/mcuxpressoide_11.8.0_1165/ide/plugins/com.nxp.mcuxpresso.tools.win32_11.8.0.202306131047/tools/bin/../lib/gcc/arm-none-eabi/12.2.1/thumb/v6-m/nofp\libcr_eabihelpers.a(memcpy.o)
__aeabi_memcpy8                                   c:/nxp/mcuxpressoide_11.8.0_1165/ide/plugins/com.nxp.mcuxpresso.tools.win32_11.8.0.202306131047/tools/bin/../lib/gcc/arm-none-eabi/12.2.1/thumb/v6-m/nofp\libcr_eabihelpers.a(memcpy.o)
__aeabi_memmove                                   c:/nxp/mcuxpressoide_11.8.0_1165/ide/plugins/com.nxp.mcuxpresso.tools.win32_11.8.0.202306131047/tools/bin/../lib/gcc/arm-none-eabi/12.2.1/thumb/v6-m/nofp\libcr_eabihelpers.a(memcpy.o)
__aeabi_memmove4                                  c:/nxp/mcuxpressoide_11.8.0_1165/ide/plugins/com.nxp.mcuxpresso.tools.win32_11.8.0.202306131047/tools/bin/../lib/gcc/arm-none-eabi/12.2.1/thumb/v6-m/nofp\libcr_eabihelpers.a(memcpy.o)
__aeabi_memmove8                                  c:/nxp/mcuxpressoide_11.8.0_1165/ide/plugins/com.nxp.mcuxpresso.tools.win32_11.8.0.202306131047/tools/bin/../lib/gcc/arm-none-eabi/12.2.1/thumb/v6-m/nofp\libcr_eabihelpers.a(memcpy.o)
__aeabi_memset                                    c:/nxp/mcuxpressoide_11.8.0_1165/ide/plugins/com.nxp.mcuxpresso.tools.win32_11.8.0.202306131047/tools/bin/../lib/gcc/arm-none-eabi/12.2.1/thumb/v6-m/nofp\libcr_eabihelpers.a(memcpy.o)
__aeabi_memset4                                   c:/nxp/mcuxpressoide_11.8.0_1165/ide/plugins/com.nxp.mcuxpresso.tools.win32_11.8.0.202306131047/tools/bin/../lib/gcc/arm-none-eabi/12.2.1/thumb/v6-m/nofp\libcr_eabihelpers.a(memcpy.o)
__aeabi_memset8                                   c:/nxp/mcuxpressoide_11.8.0_1165/ide/plugins/com.nxp.mcuxpresso.tools.win32_11.8.0.202306131047/tools/bin/../lib/gcc/arm-none-eabi/12.2.1/thumb/v6-m/nofp\libcr_eabihelpers.a(memcpy.o)
__aeabi_ui2d                                      c:/nxp/mcuxpressoide_11.8.0_1165/ide/plugins/com.nxp.mcuxpresso.tools.win32_11.8.0.202306131047/tools/bin/../lib/gcc/arm-none-eabi/12.2.1/thumb/v6-m/nofp\libcr_eabihelpers.a(double.o)
                                                  ./source/printf.o
__aeabi_ui2f                                      c:/nxp/mcuxpressoide_11.8.0_1165/ide/plugins/com.nxp.mcuxpresso.tools.win32_11.8.0.202306131047/tools/bin/../lib/gcc/arm-none-eabi/12.2.1/thumb/v6-m/nofp\libcr_eabihelpers.a(float.o)
__aeabi_uidiv                                     c:/nxp/mcuxpressoide_11.8.0_1165/ide/plugins/com.nxp.mcuxpresso.tools.win32_11.8.0.202306131047/tools/bin/../lib/gcc/arm-none-eabi/12.2.1/thumb/v6-m/nofp\libcr_eabihelpers.a(division_32.o)
                                                  ./CMSIS/system_MKL46Z4.o
                                                  ./source/printf.o
__aeabi_uidivmod                                  c:/nxp/mcuxpressoide_11.8.0_1165/ide/plugins/com.nxp.mcuxpresso.tools.win32_11.8.0.202306131047/tools/bin/../lib/gcc/arm-none-eabi/12.2.1/thumb/v6-m/nofp\libcr_eabihelpers.a(division_32.o)
                                                  ./source/uart.o
                                                  ./source/printf.o
__aeabi_ul2d                                      c:/nxp/mcuxpressoide_11.8.0_1165/ide/plugins/com.nxp.mcuxpresso.tools.win32_11.8.0.202306131047/tools/bin/../lib/gcc/arm-none-eabi/12.2.1/thumb/v6-m/nofp\libcr_eabihelpers.a(double.o)
__aeabi_ul2f                                      c:/nxp/mcuxpressoide_11.8.0_1165/ide/plugins/com.nxp.mcuxpresso.tools.win32_11.8.0.202306131047/tools/bin/../lib/gcc/arm-none-eabi/12.2.1/thumb/v6-m/nofp\libcr_eabihelpers.a(float.o)
__aeabi_ulcmp                                     c:/nxp/mcuxpressoide_11.8.0_1165/ide/plugins/com.nxp.mcuxpresso.tools.win32_11.8.0.202306131047/tools/bin/../lib/gcc/arm-none-eabi/12.2.1/thumb/v6-m/nofp\libcr_eabihelpers.a(llong.o)
__aeabi_uldivmod                                  c:/nxp/mcuxpressoide_11.8.0_1165/ide/plugins/com.nxp.mcuxpresso.tools.win32_11.8.0.202306131047/tools/bin/../lib/gcc/arm-none-eabi/12.2.1/thumb/v6-m/nofp\libcr_eabihelpers.a(division_64.o)
                                                  ./source/printf.o
__bhs_ui2d                                        c:/nxp/mcuxpressoide_11.8.0_1165/ide/plugins/com.nxp.mcuxpresso.tools.win32_11.8.0.202306131047/tools/bin/../lib/gcc/arm-none-eabi/12.2.1/thumb/v6-m/nofp\libcr_eabihelpers.a(double.o)
__bhs_ui2f                                        c:/nxp/mcuxpressoide_11.8.0_1165/ide/plugins/com.nxp.mcuxpresso.tools.win32_11.8.0.202306131047/tools/bin/../lib/gcc/arm-none-eabi/12.2.1/thumb/v6-m/nofp\libcr_eabihelpers.a(float.o)
__bhs_ul2d                                        c:/nxp/mcuxpressoide_11.8.0_1165/ide/plugins/com.nxp.mcuxpresso.tools.win32_11.8.0.202306131047/tools/bin/../lib/gcc/arm-none-eabi/12.2.1/thumb/v6-m/nofp\libcr_eabihelpers.a(double.o)
__bhs_ul2f                                        c:/nxp/mcuxpressoide_11.8.0_1165/ide/plugins/com.nxp.mcuxpresso.tools.win32_11.8.0.202306131047/tools/bin/../lib/gcc/arm-none-eabi/12.2.1/thumb/v6-m/nofp\libcr_eabihelpers.a(float.o)
__bss_section_table_end                           ./startup/startup_mkl46z4.o
__check_heap_overflow                             c:/nxp/mcuxpressoide_11.8.0_1165/ide/plugins/com.nxp.mcuxpresso.tools.win32_11.8.0.202306131047/tools/bin/../lib/gcc/arm-none-eabi/12.2.1/../../../../arm-none-eabi/lib/thumb/v6-m/nofp\libcr_c.a(_cr_check_heap.o)
                                                  c:/nxp/mcuxpressoide_11.8.0_1165/ide/plugins/com.nxp.mcuxpresso.tools.win32_11.8.0.202306131047/tools/bin/../lib/gcc/arm-none-eabi/12.2.1/../../../../arm-none-eabi/lib/thumb/v6-m/nofp\libcr_c.a(_cr_sbrk.o)
__data_section_table                              ./startup/startup_mkl46z4.o
__data_section_table_end                          ./startup/startup_mkl46z4.o
__end_of_heap                                     c:/nxp/mcuxpressoide_11.8.0_1165/ide/plugins/com.nxp.mcuxpresso.tools.win32_11.8.0.202306131047/tools/bin/../lib/gcc/arm-none-eabi/12.2.1/../../../../arm-none-eabi/lib/thumb/v6-m/nofp\libcr_c.a(__init_alloc.o)
                                                  c:/nxp/mcuxpressoide_11.8.0_1165/ide/plugins/com.nxp.mcuxpresso.tools.win32_11.8.0.202306131047/tools/bin/../lib/gcc/arm-none-eabi/12.2.1/../../../../arm-none-eabi/lib/thumb/v6-m/nofp\libcr_c.a(_cr_sbrk.o)
__exit                                            c:/nxp/mcuxpressoide_11.8.0_1165/ide/plugins/com.nxp.mcuxpresso.tools.win32_11.8.0.202306131047/tools/bin/../lib/gcc/arm-none-eabi/12.2.1/../../../../arm-none-eabi/lib/thumb/v6-m/nofp\libcr_nohost_nf.a(__sys_appexit.o)
__flsbuf                                          c:/nxp/mcuxpressoide_11.8.0_1165/ide/plugins/com.nxp.mcuxpresso.tools.win32_11.8.0.202306131047/tools/bin/../lib/gcc/arm-none-eabi/12.2.1/../../../../arm-none-eabi/lib/thumb/v6-m/nofp\libcr_c.a(_deferredlazyseek.o)
__heaps                                           c:/nxp/mcuxpressoide_11.8.0_1165/ide/plugins/com.nxp.mcuxpresso.tools.win32_11.8.0.202306131047/tools/bin/../lib/gcc/arm-none-eabi/12.2.1/../../../../arm-none-eabi/lib/thumb/v6-m/nofp\libcr_c.a(__init_alloc.o)
                                                  c:/nxp/mcuxpressoide_11.8.0_1165/ide/plugins/com.nxp.mcuxpresso.tools.win32_11.8.0.202306131047/tools/bin/../lib/gcc/arm-none-eabi/12.2.1/../../../../arm-none-eabi/lib/thumb/v6-m/nofp\libcr_c.a(alloc.o)
__main                                            c:/nxp/mcuxpressoide_11.8.0_1165/ide/plugins/com.nxp.mcuxpresso.tools.win32_11.8.0.202306131047/tools/bin/../lib/gcc/arm-none-eabi/12.2.1/../../../../arm-none-eabi/lib/thumb/v6-m/nofp\libcr_nohost_nf.a(_cr__main.o)
                                                  ./startup/startup_mkl46z4.o
__mtb_buffer__                                    ./source/mtb.o
__num_Ciob_streams                                c:/nxp/mcuxpressoide_11.8.0_1165/ide/plugins/com.nxp.mcuxpresso.tools.win32_11.8.0.202306131047/tools/bin/../lib/gcc/arm-none-eabi/12.2.1/../../../../arm-none-eabi/lib/thumb/v6-m/nofp\libcr_nohost_nf.a(__ciob.o)
                                                  c:/nxp/mcuxpressoide_11.8.0_1165/ide/plugins/com.nxp.mcuxpresso.tools.win32_11.8.0.202306131047/tools/bin/../lib/gcc/arm-none-eabi/12.2.1/../../../../arm-none-eabi/lib/thumb/v6-m/nofp\libcr_c.a(fflush.o)
                                                  c:/nxp/mcuxpressoide_11.8.0_1165/ide/plugins/com.nxp.mcuxpresso.tools.win32_11.8.0.202306131047/tools/bin/../lib/gcc/arm-none-eabi/12.2.1/../../../../arm-none-eabi/lib/thumb/v6-m/nofp\libcr_c.a(initio.o)