H:\C_Embeded_FPT\Mooc\Firmware\Appication\App_50\CMSIS/core_cm0plus.h:733:22:__NVIC_EnableIRQ	16	static
../source/adc.c:6:22:ADC_SetCLK	16	static
../source/adc.c:12:22:ADC_SelVref	16	static
../source/adc.c:17:22:ADC_SelTrig	16	static
../source/adc.c:22:22:ADC_SetConvType	16	static
../source/adc.c:27:22:ADC_SelInputType	16	static
../source/adc.c:32:22:ADC_SetResolution	16	static
../source/adc.c:37:6:ADC_SetCallBack	16	static
../source/adc.c:40:25:ADC_CheckCOCO	16	static
../source/adc.c:43:22:ADC_SetInterrupt	16	static
../source/adc.c:50:6:ADC_Init	16	static
../source/adc.c:64:6:ADC_StartConv	16	static
../source/adc.c:71:9:readADC	16	static
../source/adc.c:76:6:ADC0_IRQHandler	8	static
