H:\C_Embeded_FPT\Mooc\Firmware\Appication\App_50\CMSIS/core_cm0plus.h:733:22:__NVIC_EnableIRQ	16	static
H:\C_Embeded_FPT\Mooc\Firmware\Appication\App_50\CMSIS/core_cm0plus.h:769:22:__NVIC_DisableIRQ	16	static
../source/uart.c:26:6:UART0_IRQHandler	8	static
../source/uart.c:66:6:uart_init	8	static
../source/uart.c:121:6:uart_denit	8	static
../source/uart.c:137:10:uart_available	8	static
../source/uart.c:141:9:uart_sendByte	24	static
../source/uart.c:158:10:uart_sendUntil	32	static
../source/uart.c:179:9:uart_getByte	16	static
../source/uart.c:195:10:uart_getUntil	32	static
